Archive member included because of file (symbol)

c:/program files (x86)/gnu tools arm embedded/4.9 2014q4/bin/../lib/gcc/arm-none-eabi/4.9.3/armv6-m\libgcc.a(_udivsi3.o)
                              ./SDK/platform/utilities/src/print_scan.o (__aeabi_uidiv)
c:/program files (x86)/gnu tools arm embedded/4.9 2014q4/bin/../lib/gcc/arm-none-eabi/4.9.3/armv6-m\libgcc.a(_divsi3.o)
                              ./SDK/platform/utilities/src/print_scan.o (__aeabi_idiv)
c:/program files (x86)/gnu tools arm embedded/4.9 2014q4/bin/../lib/gcc/arm-none-eabi/4.9.3/armv6-m\libgcc.a(_dvmd_tls.o)
                              c:/program files (x86)/gnu tools arm embedded/4.9 2014q4/bin/../lib/gcc/arm-none-eabi/4.9.3/armv6-m\libgcc.a(_udivsi3.o) (__aeabi_idiv0)
c:/program files (x86)/gnu tools arm embedded/4.9 2014q4/bin/../lib/gcc/arm-none-eabi/4.9.3/armv6-m\libgcc.a(_aeabi_uldivmod.o)
                              ./Generated_Code/osa1.o (__aeabi_uldivmod)
c:/program files (x86)/gnu tools arm embedded/4.9 2014q4/bin/../lib/gcc/arm-none-eabi/4.9.3/armv6-m\libgcc.a(_muldi3.o)
                              ./Generated_Code/osa1.o (__aeabi_lmul)
c:/program files (x86)/gnu tools arm embedded/4.9 2014q4/bin/../lib/gcc/arm-none-eabi/4.9.3/armv6-m\libgcc.a(bpabi.o)
                              c:/program files (x86)/gnu tools arm embedded/4.9 2014q4/bin/../lib/gcc/arm-none-eabi/4.9.3/armv6-m\libgcc.a(_aeabi_uldivmod.o) (__gnu_uldivmod_helper)
c:/program files (x86)/gnu tools arm embedded/4.9 2014q4/bin/../lib/gcc/arm-none-eabi/4.9.3/armv6-m\libgcc.a(_divdi3.o)
                              c:/program files (x86)/gnu tools arm embedded/4.9 2014q4/bin/../lib/gcc/arm-none-eabi/4.9.3/armv6-m\libgcc.a(bpabi.o) (__divdi3)
c:/program files (x86)/gnu tools arm embedded/4.9 2014q4/bin/../lib/gcc/arm-none-eabi/4.9.3/armv6-m\libgcc.a(_udivdi3.o)
                              c:/program files (x86)/gnu tools arm embedded/4.9 2014q4/bin/../lib/gcc/arm-none-eabi/4.9.3/armv6-m\libgcc.a(bpabi.o) (__udivdi3)
c:/program files (x86)/gnu tools arm embedded/4.9 2014q4/bin/../lib/gcc/arm-none-eabi/4.9.3/armv6-m\libgcc.a(_clzdi2.o)
                              c:/program files (x86)/gnu tools arm embedded/4.9 2014q4/bin/../lib/gcc/arm-none-eabi/4.9.3/armv6-m\libgcc.a(_divdi3.o) (__clzdi2)
c:/program files (x86)/gnu tools arm embedded/4.9 2014q4/bin/../lib/gcc/arm-none-eabi/4.9.3/armv6-m\libgcc.a(_clzsi2.o)
                              c:/program files (x86)/gnu tools arm embedded/4.9 2014q4/bin/../lib/gcc/arm-none-eabi/4.9.3/armv6-m\libgcc.a(_clzdi2.o) (__clzsi2)
c:/program files (x86)/gnu tools arm embedded/4.9 2014q4/bin/../lib/gcc/arm-none-eabi/4.9.3/../../../../arm-none-eabi/lib/armv6-m\libg_nano.a(lib_a-assert.o)
                              ./SDK/platform/system/src/power/fsl_power_manager.o (__assert_func)
c:/program files (x86)/gnu tools arm embedded/4.9 2014q4/bin/../lib/gcc/arm-none-eabi/4.9.3/../../../../arm-none-eabi/lib/armv6-m\libg_nano.a(lib_a-calloc.o)
                              ./SDK/platform/osa/src/fsl_os_abstraction_bm.o (calloc)
c:/program files (x86)/gnu tools arm embedded/4.9 2014q4/bin/../lib/gcc/arm-none-eabi/4.9.3/../../../../arm-none-eabi/lib/armv6-m\libg_nano.a(lib_a-errno.o)
                              ./SDK/platform/utilities/src/fsl_misc_utilities.o (__errno)
c:/program files (x86)/gnu tools arm embedded/4.9 2014q4/bin/../lib/gcc/arm-none-eabi/4.9.3/../../../../arm-none-eabi/lib/armv6-m\libg_nano.a(lib_a-exit.o)
                              c:/program files (x86)/gnu tools arm embedded/4.9 2014q4/bin/../lib/gcc/arm-none-eabi/4.9.3/../../../../arm-none-eabi/lib/armv6-m/crt0.o (exit)
c:/program files (x86)/gnu tools arm embedded/4.9 2014q4/bin/../lib/gcc/arm-none-eabi/4.9.3/../../../../arm-none-eabi/lib/armv6-m\libg_nano.a(lib_a-fprintf.o)
                              c:/program files (x86)/gnu tools arm embedded/4.9 2014q4/bin/../lib/gcc/arm-none-eabi/4.9.3/../../../../arm-none-eabi/lib/armv6-m\libg_nano.a(lib_a-assert.o) (fiprintf)
c:/program files (x86)/gnu tools arm embedded/4.9 2014q4/bin/../lib/gcc/arm-none-eabi/4.9.3/../../../../arm-none-eabi/lib/armv6-m\libg_nano.a(lib_a-impure.o)
                              c:/program files (x86)/gnu tools arm embedded/4.9 2014q4/bin/../lib/gcc/arm-none-eabi/4.9.3/../../../../arm-none-eabi/lib/armv6-m\libg_nano.a(lib_a-exit.o) (_global_impure_ptr)
c:/program files (x86)/gnu tools arm embedded/4.9 2014q4/bin/../lib/gcc/arm-none-eabi/4.9.3/../../../../arm-none-eabi/lib/armv6-m\libg_nano.a(lib_a-init.o)
                              c:/program files (x86)/gnu tools arm embedded/4.9 2014q4/bin/../lib/gcc/arm-none-eabi/4.9.3/../../../../arm-none-eabi/lib/armv6-m/crt0.o (__libc_init_array)
c:/program files (x86)/gnu tools arm embedded/4.9 2014q4/bin/../lib/gcc/arm-none-eabi/4.9.3/../../../../arm-none-eabi/lib/armv6-m\libg_nano.a(lib_a-malloc.o)
                              ./SDK/platform/osa/src/fsl_os_abstraction_bm.o (malloc)
[...]
Memory Configuration

Name             Origin             Length             Attributes
m_interrupts     0x00000000         0x00000200         xr
m_flash_config   0x00000400         0x00000010         xr
m_interrupts_ram 0x1ffff000         0x00000200         rw
m_text           0x00000410         0x0001fbf0         xr
m_data           0x1ffff200         0x00003e00         rw
*default*        0x00000000         0xffffffff

Linker script and memory map

LOAD c:/program files (x86)/gnu tools arm embedded/4.9 2014q4/bin/../lib/gcc/arm-none-eabi/4.9.3/armv6-m/crti.o
LOAD c:/program files (x86)/gnu tools arm embedded/4.9 2014q4/bin/../lib/gcc/arm-none-eabi/4.9.3/armv6-m/crtbegin.o
LOAD c:/program files (x86)/gnu tools arm embedded/4.9 2014q4/bin/../lib/gcc/arm-none-eabi/4.9.3/../../../../arm-none-eabi/lib/armv6-m/crt0.o
LOAD ./Static_Code/System/PE_low_level_init.o
LOAD ./Sources/Events.o
LOAD ./Sources/drivers.o
LOAD ./Sources/flash.o
LOAD ./Sources/main.o
LOAD ./SDK/platform/utilities/src/fsl_debug_console.o
LOAD ./SDK/platform/utilities/src/fsl_misc_utilities.o
LOAD ./SDK/platform/utilities/src/print_scan.o
LOAD ./SDK/platform/system/src/power/fsl_power_manager.o
LOAD ./SDK/platform/system/src/interrupt/fsl_interrupt_manager.o
LOAD ./SDK/platform/system/src/clock/MKL26Z4/fsl_clock_MKL26Z4.o
LOAD ./SDK/platform/system/src/clock/fsl_clock_manager.o
LOAD ./SDK/platform/system/src/clock/fsl_clock_manager_common.o
LOAD ./SDK/platform/osa/src/fsl_os_abstraction_bm.o
LOAD ./SDK/platform/hal/src/uart/fsl_uart_hal.o
LOAD ./SDK/platform/hal/src/smc/fsl_smc_hal.o
LOAD ./SDK/platform/hal/src/sim/MKL26Z4/fsl_sim_hal_MKL26Z4.o
LOAD ./SDK/platform/hal/src/rtc/fsl_rtc_hal.o
LOAD ./SDK/platform/hal/src/rcm/fsl_rcm_hal.o
LOAD ./SDK/platform/hal/src/port/fsl_port_hal.o
LOAD ./SDK/platform/hal/src/osc/fsl_osc_hal.o
LOAD ./SDK/platform/hal/src/mcg/fsl_mcg_hal.o
LOAD ./SDK/platform/hal/src/mcg/fsl_mcg_hal_modes.o
LOAD ./SDK/platform/hal/src/lptmr/fsl_lptmr_hal.o
LOAD ./SDK/platform/hal/src/lpsci/fsl_lpsci_hal.o
LOAD ./SDK/platform/hal/src/llwu/fsl_llwu_hal.o
LOAD ./SDK/platform/hal/src/i2c/fsl_i2c_hal.o
LOAD ./SDK/platform/hal/src/gpio/fsl_gpio_hal.o
LOAD ./SDK/platform/hal/src/adc16/fsl_adc16_hal.o
LOAD ./SDK/platform/drivers/src/uart/fsl_uart_common.o
LOAD ./SDK/platform/drivers/src/uart/fsl_uart_driver.o
LOAD ./SDK/platform/drivers/src/rtc/fsl_rtc_common.o
LOAD ./SDK/platform/drivers/src/lptmr/fsl_lptmr_common.o
LOAD ./SDK/platform/drivers/src/lptmr/fsl_lptmr_driver.o
LOAD ./SDK/platform/drivers/src/i2c/fsl_i2c_common.o
LOAD ./SDK/platform/drivers/src/i2c/fsl_i2c_master_driver.o
LOAD ./SDK/platform/drivers/src/i2c/fsl_i2c_shared_function.o
LOAD ./SDK/platform/drivers/src/i2c/fsl_i2c_slave_driver.o
LOAD ./SDK/platform/drivers/src/gpio/fsl_gpio_common.o
LOAD ./SDK/platform/drivers/src/gpio/fsl_gpio_driver.o
LOAD ./SDK/platform/drivers/src/flash/C90TFS/drvsrc/source/CopyToRam.o
LOAD ./SDK/platform/drivers/src/flash/C90TFS/drvsrc/source/DEFlashPartition.o
LOAD ./SDK/platform/drivers/src/flash/C90TFS/drvsrc/source/DFlashGetProtection.o
LOAD ./SDK/platform/drivers/src/flash/C90TFS/drvsrc/source/DFlashSetProtection.o
LOAD ./SDK/platform/drivers/src/flash/C90TFS/drvsrc/source/EEEWrite.o
LOAD ./SDK/platform/drivers/src/flash/C90TFS/drvsrc/source/EERAMGetProtection.o
LOAD ./SDK/platform/drivers/src/flash/C90TFS/drvsrc/source/EERAMSetProtection.o
LOAD ./SDK/platform/drivers/src/flash/C90TFS/drvsrc/source/FlashCheckSum.o
LOAD ./SDK/platform/drivers/src/flash/C90TFS/drvsrc/source/FlashCommandSequence.o
LOAD ./SDK/platform/drivers/src/flash/C90TFS/drvsrc/source/FlashEraseAllBlock.o
LOAD ./SDK/platform/drivers/src/flash/C90TFS/drvsrc/source/FlashEraseBlock.o
LOAD ./SDK/platform/drivers/src/flash/C90TFS/drvsrc/source/FlashEraseResume.o
LOAD ./SDK/platform/drivers/src/flash/C90TFS/drvsrc/source/FlashEraseSector.o
LOAD ./SDK/platform/drivers/src/flash/C90TFS/drvsrc/source/FlashEraseSuspend.o
LOAD ./SDK/platform/drivers/src/flash/C90TFS/drvsrc/source/FlashGetSecurityState.o
LOAD ./SDK/platform/drivers/src/flash/C90TFS/drvsrc/source/FlashInit.o
LOAD ./SDK/platform/drivers/src/flash/C90TFS/drvsrc/source/FlashProgram.o
LOAD ./SDK/platform/drivers/src/flash/C90TFS/drvsrc/source/FlashProgramCheck.o
LOAD ./SDK/platform/drivers/src/flash/C90TFS/drvsrc/source/FlashProgramOnce.o
LOAD ./SDK/platform/drivers/src/flash/C90TFS/drvsrc/source/FlashProgramSection.o
LOAD ./SDK/platform/drivers/src/flash/C90TFS/drvsrc/source/FlashReadOnce.o
LOAD ./SDK/platform/drivers/src/flash/C90TFS/drvsrc/source/FlashReadResource.o
LOAD ./SDK/platform/drivers/src/flash/C90TFS/drvsrc/source/FlashSecurityBypass.o
LOAD ./SDK/platform/drivers/src/flash/C90TFS/drvsrc/source/FlashVerifyAllBlock.o
LOAD ./SDK/platform/drivers/src/flash/C90TFS/drvsrc/source/FlashVerifyBlock.o
LOAD ./SDK/platform/drivers/src/flash/C90TFS/drvsrc/source/FlashVerifySection.o
LOAD ./SDK/platform/drivers/src/flash/C90TFS/drvsrc/source/PFlashGetProtection.o
LOAD ./SDK/platform/drivers/src/flash/C90TFS/drvsrc/source/PFlashSetProtection.o
LOAD ./SDK/platform/drivers/src/flash/C90TFS/drvsrc/source/PFlashSwap.o
LOAD ./SDK/platform/drivers/src/flash/C90TFS/drvsrc/source/PFlashSwapCtl.o
LOAD ./SDK/platform/drivers/src/flash/C90TFS/drvsrc/source/SetEEEEnable.o
LOAD ./SDK/platform/drivers/src/adc16/fsl_adc16_common.o
LOAD ./SDK/platform/drivers/src/adc16/fsl_adc16_driver.o
LOAD ./SDK/platform/devices/MKL26Z4/startup/gcc/startup_MKL26Z4.o
LOAD ./SDK/platform/devices/MKL26Z4/startup/system_MKL26Z4.o
LOAD ./SDK/platform/devices/startup.o
LOAD ./Generated_Code/Cpu.o
LOAD ./Generated_Code/DbgCs1.o
LOAD ./Generated_Code/adConv1.o
LOAD ./Generated_Code/clockMan1.o
LOAD ./Generated_Code/flash1.o
LOAD ./Generated_Code/gpio1.o
LOAD ./Generated_Code/hardware_init.o
LOAD ./Generated_Code/i2cCom1.o
LOAD ./Generated_Code/lpTmr1.o
LOAD ./Generated_Code/osa1.o
LOAD ./Generated_Code/pin_init.o
LOAD ./Generated_Code/pwrMan1.o
LOAD ./Generated_Code/uartCom1.o
LOAD c:/program files (x86)/gnu tools arm embedded/4.9 2014q4/bin/../lib/gcc/arm-none-eabi/4.9.3/../../../../arm-none-eabi/lib/armv6-m\libstdc++_nano.a
LOAD c:/program files (x86)/gnu tools arm embedded/4.9 2014q4/bin/../lib/gcc/arm-none-eabi/4.9.3/../../../../arm-none-eabi/lib/armv6-m\libm.a
START GROUP
LOAD c:/program files (x86)/gnu tools arm embedded/4.9 2014q4/bin/../lib/gcc/arm-none-eabi/4.9.3/armv6-m\libgcc.a
LOAD c:/program files (x86)/gnu tools arm embedded/4.9 2014q4/bin/../lib/gcc/arm-none-eabi/4.9.3/../../../../arm-none-eabi/lib/armv6-m\libg_nano.a
LOAD c:/program files (x86)/gnu tools arm embedded/4.9 2014q4/bin/../lib/gcc/arm-none-eabi/4.9.3/../../../../arm-none-eabi/lib/armv6-m\libc_nano.a
END GROUP
START GROUP
LOAD c:/program files (x86)/gnu tools arm embedded/4.9 2014q4/bin/../lib/gcc/arm-none-eabi/4.9.3/armv6-m\libgcc.a
LOAD c:/program files (x86)/gnu tools arm embedded/4.9 2014q4/bin/../lib/gcc/arm-none-eabi/4.9.3/../../../../arm-none-eabi/lib/armv6-m\libc_nano.a
LOAD c:/program files (x86)/gnu tools arm embedded/4.9 2014q4/bin/../lib/gcc/arm-none-eabi/4.9.3/../../../../arm-none-eabi/lib/armv6-m\libnosys.a
END GROUP
START GROUP
LOAD c:/program files (x86)/gnu tools arm embedded/4.9 2014q4/bin/../lib/gcc/arm-none-eabi/4.9.3/armv6-m\libgcc.a
LOAD c:/program files (x86)/gnu tools arm embedded/4.9 2014q4/bin/../lib/gcc/arm-none-eabi/4.9.3/../../../../arm-none-eabi/lib/armv6-m\libc_nano.a
LOAD c:/program files (x86)/gnu tools arm embedded/4.9 2014q4/bin/../lib/gcc/arm-none-eabi/4.9.3/../../../../arm-none-eabi/lib/armv6-m\libnosys.a
END GROUP
LOAD c:/program files (x86)/gnu tools arm embedded/4.9 2014q4/bin/../lib/gcc/arm-none-eabi/4.9.3/armv6-m/crtend.o
LOAD c:/program files (x86)/gnu tools arm embedded/4.9 2014q4/bin/../lib/gcc/arm-none-eabi/4.9.3/armv6-m/crtn.o
                0x00000000                HEAP_SIZE = DEFINED (__heap_size__)?__heap_size__:0x0
                0x00000400                STACK_SIZE = DEFINED (__stack_size__)?__stack_size__:0x400

.interrupts     0x00000000       0xc0
                0x00000000                __VECTOR_TABLE = .
                0x00000000                . = ALIGN (0x4)
 *(.isr_vector)
 .isr_vector    0x00000000       0xc0 ./SDK/platform/devices/MKL26Z4/startup/gcc/startup_MKL26Z4.o
                0x00000000                __isr_vector
                0x000000c0                . = ALIGN (0x4)
                0x1ffff000                __VECTOR_RAM = ORIGIN (m_interrupts_ram)

.flash_config   0x00000400       0x10
                0x00000400                . = ALIGN (0x4)
 *(.FlashConfig)
 .FlashConfig   0x00000400       0x10 ./SDK/platform/devices/MKL26Z4/startup/gcc/startup_MKL26Z4.o
                0x00000410                . = ALIGN (0x4)

.text           0x00000410    0x17684
                0x00000410                . = ALIGN (0x4)
 *(.text)
 .text          0x00000410        0x0 c:/program files (x86)/gnu tools arm embedded/4.9 2014q4/bin/../lib/gcc/arm-none-eabi/4.9.3/armv6-m/crti.o
 .text          0x00000410       0x60 c:/program files (x86)/gnu tools arm embedded/4.9 2014q4/bin/../lib/gcc/arm-none-eabi/4.9.3/armv6-m/crtbegin.o
 .text          0x00000470       0x78 c:/program files (x86)/gnu tools arm embedded/4.9 2014q4/bin/../lib/gcc/arm-none-eabi/4.9.3/../../../../arm-none-eabi/lib/armv6-m/crt0.o
                0x00000470                _start
                0x00000470                _mainCRTStartup
 .text          0x000004e8        0x0 ./Static_Code/System/PE_low_level_init.o
 .text          0x000004e8        0x0 ./Sources/Events.o
 .text          0x000004e8        0x0 ./Sources/drivers.o
 .text          0x000004e8        0x0 ./Sources/flash.o
 .text          0x000004e8        0x0 ./Sources/main.o
 .text          0x000004e8        0x0 ./SDK/platform/utilities/src/fsl_debug_console.o
 .text          0x000004e8        0x0 ./SDK/platform/utilities/src/fsl_misc_utilities.o
 .text          0x000004e8        0x0 ./SDK/platform/utilities/src/print_scan.o
 .text          0x000004e8        0x0 ./SDK/platform/system/src/power/fsl_power_manager.o
 .text          0x000004e8        0x0 ./SDK/platform/system/src/interrupt/fsl_interrupt_manager.o
 .text          0x000004e8        0x0 ./SDK/platform/system/src/clock/MKL26Z4/fsl_clock_MKL26Z4.o
 .text          0x000004e8        0x0 ./SDK/platform/system/src/clock/fsl_clock_manager.o
 .text          0x000004e8        0x0 ./SDK/platform/system/src/clock/fsl_clock_manager_common.o
 .text          0x000004e8        0x0 ./SDK/platform/osa/src/fsl_os_abstraction_bm.o
 .text          0x000004e8        0x0 ./SDK/platform/hal/src/uart/fsl_uart_hal.o
 .text          0x000004e8        0x0 ./SDK/platform/hal/src/smc/fsl_smc_hal.o
 .text          0x000004e8        0x0 ./SDK/platform/hal/src/sim/MKL26Z4/fsl_sim_hal_MKL26Z4.o
 .text          0x000004e8        0x0 ./SDK/platform/hal/src/rtc/fsl_rtc_hal.o
 .text          0x000004e8        0x0 ./SDK/platform/hal/src/rcm/fsl_rcm_hal.o
 .text          0x000004e8        0x0 ./SDK/platform/hal/src/port/fsl_port_hal.o
 .text          0x000004e8        0x0 ./SDK/platform/hal/src/osc/fsl_osc_hal.o
 .text          0x000004e8        0x0 ./SDK/platform/hal/src/mcg/fsl_mcg_hal.o
 .text          0x000004e8        0x0 ./SDK/platform/hal/src/mcg/fsl_mcg_hal_modes.o
 .text          0x000004e8        0x0 ./SDK/platform/hal/src/lptmr/fsl_lptmr_hal.o
 .text          0x000004e8        0x0 ./SDK/platform/hal/src/lpsci/fsl_lpsci_hal.o
 .text          0x000004e8        0x0 ./SDK/platform/hal/src/llwu/fsl_llwu_hal.o
 .text          0x000004e8        0x0 ./SDK/platform/hal/src/i2c/fsl_i2c_hal.o
 .text          0x000004e8        0x0 ./SDK/platform/hal/src/gpio/fsl_gpio_hal.o
 .text          0x000004e8        0x0 ./SDK/platform/hal/src/adc16/fsl_adc16_hal.o
 .text          0x000004e8        0x0 ./SDK/platform/drivers/src/uart/fsl_uart_common.o
 .text          0x000004e8        0x0 ./SDK/platform/drivers/src/uart/fsl_uart_driver.o
 .text          0x000004e8        0x0 ./SDK/platform/drivers/src/rtc/fsl_rtc_common.o
 .text          0x000004e8        0x0 ./SDK/platform/drivers/src/lptmr/fsl_lptmr_common.o
 .text          0x000004e8        0x0 ./SDK/platform/drivers/src/lptmr/fsl_lptmr_driver.o
 .text          0x000004e8        0x0 ./SDK/platform/drivers/src/i2c/fsl_i2c_common.o
 .text          0x000004e8        0x0 ./SDK/platform/drivers/src/i2c/fsl_i2c_master_driver.o
 .text          0x000004e8        0x0 ./SDK/platform/drivers/src/i2c/fsl_i2c_shared_function.o
 .text          0x000004e8        0x0 ./SDK/platform/drivers/src/i2c/fsl_i2c_slave_driver.o
 .text          0x000004e8        0x0 ./SDK/platform/drivers/src/gpio/fsl_gpio_common.o
 .text          0x000004e8        0x0 ./SDK/platform/drivers/src/gpio/fsl_gpio_driver.o
 .text          0x000004e8        0x0 ./SDK/platform/drivers/src/flash/C90TFS/drvsrc/source/CopyToRam.o
 .text          0x000004e8        0x0 ./SDK/platform/drivers/src/flash/C90TFS/drvsrc/source/DEFlashPartition.o
 .text          0x000004e8        0x0 ./SDK/platform/drivers/src/flash/C90TFS/drvsrc/source/DFlashGetProtection.o
 .text          0x000004e8        0x0 ./SDK/platform/drivers/src/flash/C90TFS/drvsrc/source/DFlashSetProtection.o
 .text          0x000004e8        0x0 ./SDK/platform/drivers/src/flash/C90TFS/drvsrc/source/EEEWrite.o
 .text          0x000004e8        0x0 ./SDK/platform/drivers/src/flash/C90TFS/drvsrc/source/EERAMGetProtection.o
 .text          0x000004e8        0x0 ./SDK/platform/drivers/src/flash/C90TFS/drvsrc/source/EERAMSetProtection.o
 .text          0x000004e8        0x0 ./SDK/platform/drivers/src/flash/C90TFS/drvsrc/source/FlashCheckSum.o
 .text          0x000004e8        0x0 ./SDK/platform/drivers/src/flash/C90TFS/drvsrc/source/FlashCommandSequence.o
 .text          0x000004e8        0x0 ./SDK/platform/drivers/src/flash/C90TFS/drvsrc/source/FlashEraseAllBlock.o
 .text          0x000004e8        0x0 ./SDK/platform/drivers/src/flash/C90TFS/drvsrc/source/FlashEraseBlock.o
 .text          0x000004e8        0x0 ./SDK/platform/drivers/src/flash/C90TFS/drvsrc/source/FlashEraseResume.o
 .text          0x000004e8        0x0 ./SDK/platform/drivers/src/flash/C90TFS/drvsrc/source/FlashEraseSector.o
 .text          0x000004e8        0x0 ./SDK/platform/drivers/src/flash/C90TFS/drvsrc/source/FlashEraseSuspend.o
 .text          0x000004e8        0x0 ./SDK/platform/drivers/src/flash/C90TFS/drvsrc/source/FlashGetSecurityState.o
 .text          0x000004e8        0x0 ./SDK/platform/drivers/src/flash/C90TFS/drvsrc/source/FlashInit.o
 .text          0x000004e8        0x0 ./SDK/platform/drivers/src/flash/C90TFS/drvsrc/source/FlashProgram.o
 .text          0x000004e8        0x0 ./SDK/platform/drivers/src/flash/C90TFS/drvsrc/source/FlashProgramCheck.o
 .text          0x000004e8        0x0 ./SDK/platform/drivers/src/flash/C90TFS/drvsrc/source/FlashProgramOnce.o
 .text          0x000004e8        0x0 ./SDK/platform/drivers/src/flash/C90TFS/drvsrc/source/FlashProgramSection.o
 .text          0x000004e8        0x0 ./SDK/platform/drivers/src/flash/C90TFS/drvsrc/source/FlashReadOnce.o
 .text          0x000004e8        0x0 ./SDK/platform/drivers/src/flash/C90TFS/drvsrc/source/FlashReadResource.o
 .text          0x000004e8        0x0 ./SDK/platform/drivers/src/flash/C90TFS/drvsrc/source/FlashSecurityBypass.o
 .text          0x000004e8        0x0 ./SDK/platform/drivers/src/flash/C90TFS/drvsrc/source/FlashVerifyAllBlock.o
 .text          0x000004e8        0x0 ./SDK/platform/drivers/src/flash/C90TFS/drvsrc/source/FlashVerifyBlock.o
 .text          0x000004e8        0x0 ./SDK/platform/drivers/src/flash/C90TFS/drvsrc/source/FlashVerifySection.o
 .text          0x000004e8        0x0 ./SDK/platform/drivers/src/flash/C90TFS/drvsrc/source/PFlashGetProtection.o
 .text          0x000004e8        0x0 ./SDK/platform/drivers/src/flash/C90TFS/drvsrc/source/PFlashSetProtection.o
 .text          0x000004e8        0x0 ./SDK/platform/drivers/src/flash/C90TFS/drvsrc/source/PFlashSwap.o
 .text          0x000004e8        0x0 ./SDK/platform/drivers/src/flash/C90TFS/drvsrc/source/PFlashSwapCtl.o
 .text          0x000004e8        0x0 ./SDK/platform/drivers/src/flash/C90TFS/drvsrc/source/SetEEEEnable.o
 .text          0x000004e8        0x0 ./SDK/platform/drivers/src/adc16/fsl_adc16_common.o
 .text          0x000004e8        0x0 ./SDK/platform/drivers/src/adc16/fsl_adc16_driver.o
 .text          0x000004e8       0x18 ./SDK/platform/devices/MKL26Z4/startup/gcc/startup_MKL26Z4.o
                0x000004e8                Reset_Handler
                0x000004f8                PendSV_Handler
                0x000004f8                NMI_Handler
                0x000004f8                I2C1_IRQHandler
                0x000004f8                UART1_IRQHandler
                0x000004f8                DMA2_IRQHandler
                0x000004f8                TPM0_IRQHandler
                0x000004f8                I2S0_IRQHandler
                0x000004f8                TSI0_IRQHandler
                0x000004f8                UART0_IRQHandler
                0x000004f8                SPI1_IRQHandler
                0x000004f8                DefaultISR
                0x000004f8                TPM2_IRQHandler
                0x000004f8                RTC_IRQHandler
                0x000004f8                HardFault_Handler
                0x000004f8                RTC_Seconds_IRQHandler
                0x000004f8                MCG_IRQHandler
                0x000004f8                Reserved20_IRQHandler
                0x000004f8                USB0_IRQHandler
                0x000004f8                PIT_IRQHandler
                0x000004f8                SVC_Handler
                0x000004f8                DMA3_IRQHandler
                0x000004f8                DMA0_IRQHandler
                0x000004f8                DAC0_IRQHandler
                0x000004f8                Reserved45_IRQHandler
                0x000004f8                TPM1_IRQHandler
                0x000004f8                LVD_LVW_IRQHandler
                0x000004f8                SPI0_IRQHandler
                0x000004f8                PORTA_IRQHandler
                0x000004f8                FTFA_IRQHandler
                0x000004f8                CMP0_IRQHandler
                0x000004f8                DMA1_IRQHandler
 .text          0x00000500        0x0 ./SDK/platform/devices/MKL26Z4/startup/system_MKL26Z4.o
 .text          0x00000500        0x0 ./SDK/platform/devices/startup.o
 .text          0x00000500        0x0 ./Generated_Code/Cpu.o
 .text          0x00000500        0x0 ./Generated_Code/DbgCs1.o
 .text          0x00000500        0x0 ./Generated_Code/adConv1.o
 .text          0x00000500        0x0 ./Generated_Code/clockMan1.o
 .text          0x00000500        0x0 ./Generated_Code/flash1.o
 .text          0x00000500        0x0 ./Generated_Code/gpio1.o
 .text          0x00000500        0x0 ./Generated_Code/hardware_init.o
 .text          0x00000500        0x0 ./Generated_Code/i2cCom1.o
 .text          0x00000500        0x0 ./Generated_Code/lpTmr1.o
 .text          0x00000500        0x0 ./Generated_Code/osa1.o
 .text          0x00000500        0x0 ./Generated_Code/pin_init.o
 .text          0x00000500        0x0 ./Generated_Code/pwrMan1.o
 .text          0x00000500        0x0 ./Generated_Code/uartCom1.o
 .text          0x00000500      0x120 c:/program files (x86)/gnu tools arm embedded/4.9 2014q4/bin/../lib/gcc/arm-none-eabi/4.9.3/armv6-m\libgcc.a(_udivsi3.o)
                0x00000500                __aeabi_uidiv
                0x00000500                __udivsi3
                0x0000060c                __aeabi_uidivmod
 .text          0x00000620      0x1e0 c:/program files (x86)/gnu tools arm embedded/4.9 2014q4/bin/../lib/gcc/arm-none-eabi/4.9.3/armv6-m\libgcc.a(_divsi3.o)
                0x00000620                __divsi3
                0x00000620                __aeabi_idiv
                0x000007ec                __aeabi_idivmod
 .text          0x00000800        0x4 c:/program files (x86)/gnu tools arm embedded/4.9 2014q4/bin/../lib/gcc/arm-none-eabi/4.9.3/armv6-m\libgcc.a(_dvmd_tls.o)
                0x00000800                __aeabi_idiv0
                0x00000800                __aeabi_ldiv0
 .text          0x00000804       0x40 c:/program files (x86)/gnu tools arm embedded/4.9 2014q4/bin/../lib/gcc/arm-none-eabi/4.9.3/armv6-m\libgcc.a(_aeabi_uldivmod.o)
                0x00000804                __aeabi_uldivmod
 .text          0x00000844       0x54 c:/program files (x86)/gnu tools arm embedded/4.9 2014q4/bin/../lib/gcc/arm-none-eabi/4.9.3/armv6-m\libgcc.a(_muldi3.o)
                0x00000844                __muldi3
                0x00000844                __aeabi_lmul
 .text          0x00000898       0x6c c:/program files (x86)/gnu tools arm embedded/4.9 2014q4/bin/../lib/gcc/arm-none-eabi/4.9.3/armv6-m\libgcc.a(bpabi.o)
                0x00000898                __gnu_ldivmod_helper
                0x000008d0                __gnu_uldivmod_helper
 .text          0x00000904      0x1f0 c:/program files (x86)/gnu tools arm embedded/4.9 2014q4/bin/../lib/gcc/arm-none-eabi/4.9.3/armv6-m\libgcc.a(_divdi3.o)
                0x00000904                __divdi3
 .text          0x00000af4      0x158 c:/program files (x86)/gnu tools arm embedded/4.9 2014q4/bin/../lib/gcc/arm-none-eabi/4.9.3/armv6-m\libgcc.a(_udivdi3.o)
                0x00000af4                __udivdi3
 .text          0x00000c4c       0x18 c:/program files (x86)/gnu tools arm embedded/4.9 2014q4/bin/../lib/gcc/arm-none-eabi/4.9.3/armv6-m\libgcc.a(_clzdi2.o)
                0x00000c4c                __clzdi2
 .text          0x00000c64       0x3c c:/program files (x86)/gnu tools arm embedded/4.9 2014q4/bin/../lib/gcc/arm-none-eabi/4.9.3/armv6-m\libgcc.a(_clzsi2.o)
                0x00000c64                __clzsi2
 .text          0x00000ca0        0x0 c:/program files (x86)/gnu tools arm embedded/4.9 2014q4/bin/../lib/gcc/arm-none-eabi/4.9.3/../../../../arm-none-eabi/lib/armv6-m\libg_nano.a(lib_a-assert.o)
 .text          0x00000ca0        0x0 c:/program files (x86)/gnu tools arm embedded/4.9 2014q4/bin/../lib/gcc/arm-none-eabi/4.9.3/../../../../arm-none-eabi/lib/armv6-m\libg_nano.a(lib_a-calloc.o)
 .text          0x00000ca0        0x0 c:/program files (x86)/gnu tools arm embedded/4.9 2014q4/bin/../lib/gcc/arm-none-eabi/4.9.3/../../../../arm-none-eabi/lib/armv6-m\libg_nano.a(lib_a-errno.o)
 .text          0x00000ca0        0x0 c:/program files (x86)/gnu tools arm embedded/4.9 2014q4/bin/../lib/gcc/arm-none-eabi/4.9.3/../../../../arm-none-eabi/lib/armv6-m\libg_nano.a(lib_a-exit.o)
 .text          0x00000ca0        0x0 c:/program files (x86)/gnu tools arm embedded/4.9 2014q4/bin/../lib/gcc/arm-none-eabi/4.9.3/../../../../arm-none-eabi/lib/armv6-m\libg_nano.a(lib_a-fprintf.o)
 .text          0x00000ca0        0x0 c:/program files (x86)/gnu tools arm embedded/4.9 2014q4/bin/../lib/gcc/arm-none-eabi/4.9.3/../../../../arm-none-eabi/lib/armv6-m\libg_nano.a(lib_a-impure.o)
 .text          0x00000ca0        0x0 c:/program files (x86)/gnu tools arm embedded/4.9 2014q4/bin/../lib/gcc/arm-none-eabi/4.9.3/../../../../arm-none-eabi/lib/armv6-m\libg_nano.a(lib_a-init.o)
 .text          0x00000ca0        0x0 c:/program files (x86)/gnu tools arm embedded/4.9 2014q4/bin/../lib/gcc/arm-none-eabi/4.9.3/../../../../arm-none-eabi/lib/armv6-m\libg_nano.a(lib_a-malloc.o)
 .text          0x00000ca0        0x0 c:/program files (x86)/gnu tools arm embedded/4.9 2014q4/bin/../lib/gcc/arm-none-eabi/4.9.3/../../../../arm-none-eabi/lib/armv6-m\libg_nano.a(lib_a-memcpy.o)
 .text          0x00000ca0        0x0 c:/program files (x86)/gnu tools arm embedded/4.9 2014q4/bin/../lib/gcc/arm-none-eabi/4.9.3/../../../../arm-none-eabi/lib/armv6-m\libg_nano.a(lib_a-memset.o)
 .text          0x00000ca0        0x0 c:/program files (x86)/gnu tools arm embedded/4.9 2014q4/bin/../lib/gcc/arm-none-eabi/4.9.3/../../../../arm-none-eabi/lib/armv6-m\libg_nano.a(lib_a-nano-callocr.o)
 .text          0x00000ca0        0x0 c:/program files (x86)/gnu tools arm embedded/4.9 2014q4/bin/../lib/gcc/arm-none-eabi/4.9.3/../../../../arm-none-eabi/lib/armv6-m\libg_nano.a(lib_a-nano-freer.o)
 .text          0x00000ca0        0x0 c:/program files (x86)/gnu tools arm embedded/4.9 2014q4/bin/../lib/gcc/arm-none-eabi/4.9.3/../../../../arm-none-eabi/lib/armv6-m\libg_nano.a(lib_a-nano-mallocr.o)
 .text          0x00000ca0        0x0 c:/program files (x86)/gnu tools arm embedded/4.9 2014q4/bin/../lib/gcc/arm-none-eabi/4.9.3/../../../../arm-none-eabi/lib/armv6-m\libg_nano.a(lib_a-nano-vfprintf.o)
 .text          0x00000ca0        0x0 c:/program files (x86)/gnu tools arm embedded/4.9 2014q4/bin/../lib/gcc/arm-none-eabi/4.9.3/../../../../arm-none-eabi/lib/armv6-m\libg_nano.a(lib_a-nano-vfprintf_i.o)
 .text          0x00000ca0        0x0 c:/program files (x86)/gnu tools arm embedded/4.9 2014q4/bin/../lib/gcc/arm-none-eabi/4.9.3/../../../../arm-none-eabi/lib/armv6-m\libg_nano.a(lib_a-sbrkr.o)
 .text          0x00000ca0        0x0 c:/program files (x86)/gnu tools arm embedded/4.9 2014q4/bin/../lib/gcc/arm-none-eabi/4.9.3/../../../../arm-none-eabi/lib/armv6-m\libg_nano.a(lib_a-sprintf.o)
 .text          0x00000ca0       0x14 c:/program files (x86)/gnu tools arm embedded/4.9 2014q4/bin/../lib/gcc/arm-none-eabi/4.9.3/../../../../arm-none-eabi/lib/armv6-m\libg_nano.a(lib_a-strcmp.o)
                0x00000ca0                strcmp
 .text          0x00000cb4        0x0 c:/program files (x86)/gnu tools arm embedded/4.9 2014q4/bin/../lib/gcc/arm-none-eabi/4.9.3/../../../../arm-none-eabi/lib/armv6-m\libg_nano.a(lib_a-strcpy.o)
 .text          0x00000cb4        0x0 c:/program files (x86)/gnu tools arm embedded/4.9 2014q4/bin/../lib/gcc/arm-none-eabi/4.9.3/../../../../arm-none-eabi/lib/armv6-m\libg_nano.a(lib_a-strlen.o)
 .text          0x00000cb4        0x0 c:/program files (x86)/gnu tools arm embedded/4.9 2014q4/bin/../lib/gcc/arm-none-eabi/4.9.3/../../../../arm-none-eabi/lib/armv6-m\libg_nano.a(lib_a-strncmp.o)
 .text          0x00000cb4        0x0 c:/program files (x86)/gnu tools arm embedded/4.9 2014q4/bin/../lib/gcc/arm-none-eabi/4.9.3/../../../../arm-none-eabi/lib/armv6-m\libg_nano.a(lib_a-strncpy.o)
 .text          0x00000cb4        0x0 c:/program files (x86)/gnu tools arm embedded/4.9 2014q4/bin/../lib/gcc/arm-none-eabi/4.9.3/../../../../arm-none-eabi/lib/armv6-m\libg_nano.a(lib_a-strtoul.o)
 .text          0x00000cb4        0x0 c:/program files (x86)/gnu tools arm embedded/4.9 2014q4/bin/../lib/gcc/arm-none-eabi/4.9.3/../../../../arm-none-eabi/lib/armv6-m\libg_nano.a(lib_a-wbuf.o)
 .text          0x00000cb4        0x0 c:/program files (x86)/gnu tools arm embedded/4.9 2014q4/bin/../lib/gcc/arm-none-eabi/4.9.3/../../../../arm-none-eabi/lib/armv6-m\libg_nano.a(lib_a-wsetup.o)
 .text          0x00000cb4        0x0 c:/program files (x86)/gnu tools arm embedded/4.9 2014q4/bin/../lib/gcc/arm-none-eabi/4.9.3/../../../../arm-none-eabi/lib/armv6-m\libg_nano.a(lib_a-abort.o)
 .text          0x00000cb4        0x0 c:/program files (x86)/gnu tools arm embedded/4.9 2014q4/bin/../lib/gcc/arm-none-eabi/4.9.3/../../../../arm-none-eabi/lib/armv6-m\libg_nano.a(lib_a-ctype_.o)
 .text          0x00000cb4        0x0 c:/program files (x86)/gnu tools arm embedded/4.9 2014q4/bin/../lib/gcc/arm-none-eabi/4.9.3/../../../../arm-none-eabi/lib/armv6-m\libg_nano.a(lib_a-fflush.o)
 .text          0x00000cb4        0x0 c:/program files (x86)/gnu tools arm embedded/4.9 2014q4/bin/../lib/gcc/arm-none-eabi/4.9.3/../../../../arm-none-eabi/lib/armv6-m\libg_nano.a(lib_a-findfp.o)
 .text          0x00000cb4        0x0 c:/program files (x86)/gnu tools arm embedded/4.9 2014q4/bin/../lib/gcc/arm-none-eabi/4.9.3/../../../../arm-none-eabi/lib/armv6-m\libg_nano.a(lib_a-fvwrite.o)
 .text          0x00000cb4        0x0 c:/program files (x86)/gnu tools arm embedded/4.9 2014q4/bin/../lib/gcc/arm-none-eabi/4.9.3/../../../../arm-none-eabi/lib/armv6-m\libg_nano.a(lib_a-fwalk.o)
 .text          0x00000cb4        0x0 c:/program files (x86)/gnu tools arm embedded/4.9 2014q4/bin/../lib/gcc/arm-none-eabi/4.9.3/../../../../arm-none-eabi/lib/armv6-m\libg_nano.a(lib_a-makebuf.o)
 .text          0x00000cb4        0x0 c:/program files (x86)/gnu tools arm embedded/4.9 2014q4/bin/../lib/gcc/arm-none-eabi/4.9.3/../../../../arm-none-eabi/lib/armv6-m\libg_nano.a(lib_a-memchr.o)
 .text          0x00000cb4        0x0 c:/program files (x86)/gnu tools arm embedded/4.9 2014q4/bin/../lib/gcc/arm-none-eabi/4.9.3/../../../../arm-none-eabi/lib/armv6-m\libg_nano.a(lib_a-memmove.o)
 .text          0x00000cb4        0x0 c:/program files (x86)/gnu tools arm embedded/4.9 2014q4/bin/../lib/gcc/arm-none-eabi/4.9.3/../../../../arm-none-eabi/lib/armv6-m\libg_nano.a(lib_a-nano-reallocr.o)
 .text          0x00000cb4        0x0 c:/program files (x86)/gnu tools arm embedded/4.9 2014q4/bin/../lib/gcc/arm-none-eabi/4.9.3/../../../../arm-none-eabi/lib/armv6-m\libg_nano.a(lib_a-nano-svfprintf.o)
 .text          0x00000cb4        0x0 c:/program files (x86)/gnu tools arm embedded/4.9 2014q4/bin/../lib/gcc/arm-none-eabi/4.9.3/../../../../arm-none-eabi/lib/armv6-m\libg_nano.a(lib_a-reent.o)
 .text          0x00000cb4        0x0 c:/program files (x86)/gnu tools arm embedded/4.9 2014q4/bin/../lib/gcc/arm-none-eabi/4.9.3/../../../../arm-none-eabi/lib/armv6-m\libg_nano.a(lib_a-signal.o)
 .text          0x00000cb4        0x0 c:/program files (x86)/gnu tools arm embedded/4.9 2014q4/bin/../lib/gcc/arm-none-eabi/4.9.3/../../../../arm-none-eabi/lib/armv6-m\libg_nano.a(lib_a-signalr.o)
 .text          0x00000cb4        0x0 c:/program files (x86)/gnu tools arm embedded/4.9 2014q4/bin/../lib/gcc/arm-none-eabi/4.9.3/../../../../arm-none-eabi/lib/armv6-m\libg_nano.a(lib_a-stdio.o)
 .text          0x00000cb4        0x0 c:/program files (x86)/gnu tools arm embedded/4.9 2014q4/bin/../lib/gcc/arm-none-eabi/4.9.3/../../../../arm-none-eabi/lib/armv6-m\libg_nano.a(lib_a-writer.o)
 .text          0x00000cb4        0x0 c:/program files (x86)/gnu tools arm embedded/4.9 2014q4/bin/../lib/gcc/arm-none-eabi/4.9.3/../../../../arm-none-eabi/lib/armv6-m\libg_nano.a(lib_a-closer.o)
 .text          0x00000cb4        0x0 c:/program files (x86)/gnu tools arm embedded/4.9 2014q4/bin/../lib/gcc/arm-none-eabi/4.9.3/../../../../arm-none-eabi/lib/armv6-m\libg_nano.a(lib_a-fstatr.o)
 .text          0x00000cb4        0x0 c:/program files (x86)/gnu tools arm embedded/4.9 2014q4/bin/../lib/gcc/arm-none-eabi/4.9.3/../../../../arm-none-eabi/lib/armv6-m\libg_nano.a(lib_a-isattyr.o)
 .text          0x00000cb4        0x0 c:/program files (x86)/gnu tools arm embedded/4.9 2014q4/bin/../lib/gcc/arm-none-eabi/4.9.3/../../../../arm-none-eabi/lib/armv6-m\libg_nano.a(lib_a-lseekr.o)
 .text          0x00000cb4        0x0 c:/program files (x86)/gnu tools arm embedded/4.9 2014q4/bin/../lib/gcc/arm-none-eabi/4.9.3/../../../../arm-none-eabi/lib/armv6-m\libg_nano.a(lib_a-nano-msizer.o)
 .text          0x00000cb4        0x0 c:/program files (x86)/gnu tools arm embedded/4.9 2014q4/bin/../lib/gcc/arm-none-eabi/4.9.3/../../../../arm-none-eabi/lib/armv6-m\libg_nano.a(lib_a-readr.o)
 .text          0x00000cb4        0x0 c:/program files (x86)/gnu tools arm embedded/4.9 2014q4/bin/../lib/gcc/arm-none-eabi/4.9.3/../../../../arm-none-eabi/lib/armv6-m\libnosys.a(close.o)
 .text          0x00000cb4        0x0 c:/program files (x86)/gnu tools arm embedded/4.9 2014q4/bin/../lib/gcc/arm-none-eabi/4.9.3/../../../../arm-none-eabi/lib/armv6-m\libnosys.a(fstat.o)
 .text          0x00000cb4        0x0 c:/program files (x86)/gnu tools arm embedded/4.9 2014q4/bin/../lib/gcc/arm-none-eabi/4.9.3/../../../../arm-none-eabi/lib/armv6-m\libnosys.a(getpid.o)
 .text          0x00000cb4        0x0 c:/program files (x86)/gnu tools arm embedded/4.9 2014q4/bin/../lib/gcc/arm-none-eabi/4.9.3/../../../../arm-none-eabi/lib/armv6-m\libnosys.a(isatty.o)
 .text          0x00000cb4        0x0 c:/program files (x86)/gnu tools arm embedded/4.9 2014q4/bin/../lib/gcc/arm-none-eabi/4.9.3/../../../../arm-none-eabi/lib/armv6-m\libnosys.a(kill.o)
 .text          0x00000cb4        0x0 c:/program files (x86)/gnu tools arm embedded/4.9 2014q4/bin/../lib/gcc/arm-none-eabi/4.9.3/../../../../arm-none-eabi/lib/armv6-m\libnosys.a(lseek.o)
 .text          0x00000cb4        0x0 c:/program files (x86)/gnu tools arm embedded/4.9 2014q4/bin/../lib/gcc/arm-none-eabi/4.9.3/../../../../arm-none-eabi/lib/armv6-m\libnosys.a(_exit.o)
 .text          0x00000cb4        0x0 c:/program files (x86)/gnu tools arm embedded/4.9 2014q4/bin/../lib/gcc/arm-none-eabi/4.9.3/armv6-m/crtend.o
 .text          0x00000cb4        0x0 c:/program files (x86)/gnu tools arm embedded/4.9 2014q4/bin/../lib/gcc/arm-none-eabi/4.9.3/armv6-m/crtn.o
 *(.text*)
 .text.PEX_components_init
                0x00000cb4        0xc ./Static_Code/System/PE_low_level_init.o
                0x00000cb4                PEX_components_init
 .text.PE_low_level_init
                0x00000cc0       0x14 ./Static_Code/System/PE_low_level_init.o
                0x00000cc0                PE_low_level_init
 .text.PORT_HAL_ClearPortIntFlag
                0x00000cd4       0x18 ./Sources/Events.o
 .text.lpTmr1_OnTimerCompare
                0x00000cec       0x20 ./Sources/Events.o
                0x00000cec                lpTmr1_OnTimerCompare
 .text.I2C0_IRQHandler
                0x00000d0c       0x10 ./Sources/Events.o
                0x00000d0c                I2C0_IRQHandler
 .text.ADC0_IRQHandler
                0x00000d1c        0x8 ./Sources/Events.o
                0x00000d1c                ADC0_IRQHandler
 .text.LLWU_IRQHandler
                0x00000d24       0x14 ./Sources/Events.o
                0x00000d24                LLWU_IRQHandler
 .text.PORTC_PORTD_IRQHandler
                0x00000d38       0x20 ./Sources/Events.o
                0x00000d38                PORTC_PORTD_IRQHandler
 .text.flash1_Callback
                0x00000d58        0x8 ./Sources/Events.o
                0x00000d58                flash1_Callback
 .text.FXOS8700_Init
                0x00000d60      0x150 ./Sources/drivers.o
                0x00000d60                FXOS8700_Init
 .text.FXOS8700_ReadData
                0x00000eb0      0x198 ./Sources/drivers.o
                0x00000eb0                FXOS8700_ReadData
 .text.mainFlash
                0x00001048      0x1e0 ./Sources/flash.o
                0x00001048                mainFlash
 .text.error_trap
                0x00001228       0x14 ./Sources/flash.o
                0x00001228                error_trap
 .text.FormatVoltage
                0x0000123c       0x54 ./Sources/main.o
 .text.formatMacStr
                0x00001290       0xc0 ./Sources/main.o
 .text.FormatPowerStr
                0x00001350       0x34 ./Sources/main.o
 .text.setTimer
                0x00001384       0x24 ./Sources/main.o
 .text.isOk     0x000013a8       0x4c ./Sources/main.o
 .text.isStatusError
                0x000013f4       0x50 ./Sources/main.o
 .text.errorRN  0x00001444       0x58 ./Sources/main.o
                0x00001444                errorRN
 .text.resetHwRN
                0x0000149c       0x38 ./Sources/main.o
 .text.receiveUart
                0x000014d4       0x68 ./Sources/main.o
 .text.turnOffLeds
                0x0000153c       0x84 ./Sources/main.o
 .text.getRegister
                0x000015c0       0xc0 ./Sources/main.o
 .text.setRadioRegister
                0x00001680       0xec ./Sources/main.o
 .text.setRegister
                0x0000176c       0xec ./Sources/main.o
 .text.saveRegisters
                0x00001858       0x7c ./Sources/main.o
 .text.avnetReset
                0x000018d4      0x208 ./Sources/main.o
 .text.swisscomReset
                0x00001adc      0x234 ./Sources/main.o
 .text.geniusReset
                0x00001d10      0x234 ./Sources/main.o
 .text.readLight
                0x00001f44       0x48 ./Sources/main.o
 .text.deepSleep
                0x00001f8c       0xdc ./Sources/main.o
 .text.sendMessage
                0x00002068       0xc8 ./Sources/main.o
 .text.ForceDutyCycle
                0x00002130       0xac ./Sources/main.o
 .text.IsNetworkJoined
                0x000021dc       0x80 ./Sources/main.o
 .text.joinNetwork
                0x0000225c       0xf0 ./Sources/main.o
 .text.joinNetworkMenu
                0x0000234c       0x40 ./Sources/main.o
 .text.showMenu
                0x0000238c      0x104 ./Sources/main.o
 .text.inputConsole
                0x00002490       0x88 ./Sources/main.o
                0x00002490                inputConsole
 .text.getRadioRegister
                0x00002518       0x84 ./Sources/main.o
 .text.microchipReset
                0x0000259c       0x64 ./Sources/main.o
 .text.sendCommands2RN2483
                0x00002600      0x104 ./Sources/main.o
 .text.loopMenu
                0x00002704      0x2d4 ./Sources/main.o
 .text.getModuleInfo
                0x000029d8        0x8 ./Sources/main.o
 .text.mainLoop
                0x000029e0      0x258 ./Sources/main.o
 .text.main     0x00002c38       0x30 ./Sources/main.o
                0x00002c38                main
 .text.UART_HAL_EnableTransmitter
                0x00002c68       0x20 ./SDK/platform/utilities/src/fsl_debug_console.o
 .text.UART_HAL_EnableReceiver
                0x00002c88       0x20 ./SDK/platform/utilities/src/fsl_debug_console.o
 .text.UART_HAL_SetBitCountPerChar
                0x00002ca8       0x2c ./SDK/platform/utilities/src/fsl_debug_console.o
 .text.UART_HAL_SetStopBitCount
                0x00002cd4       0x2c ./SDK/platform/utilities/src/fsl_debug_console.o
 .text.LPSCI_HAL_EnableTransmitter
                0x00002d00       0x20 ./SDK/platform/utilities/src/fsl_debug_console.o
 .text.LPSCI_HAL_EnableReceiver
                0x00002d20       0x20 ./SDK/platform/utilities/src/fsl_debug_console.o
 .text.LPSCI_HAL_SetBitCountPerChar
                0x00002d40       0x2c ./SDK/platform/utilities/src/fsl_debug_console.o
 .text.LPSCI_HAL_SetStopBitCount
                0x00002d6c       0x2c ./SDK/platform/utilities/src/fsl_debug_console.o
 .text.DbgConsole_Init
                0x00002d98      0x160 ./SDK/platform/utilities/src/fsl_debug_console.o
                0x00002d98                DbgConsole_Init
 .text.DbgConsole_DeInit
                0x00002ef8       0x4c ./SDK/platform/utilities/src/fsl_debug_console.o
                0x00002ef8                DbgConsole_DeInit
 .text._write   0x00002f44       0x5c ./SDK/platform/utilities/src/fsl_debug_console.o
                0x00002f44                _write
 .text._read    0x00002fa0       0x48 ./SDK/platform/utilities/src/fsl_debug_console.o
                0x00002fa0                _read
 .text.debug_printf
                0x00002fe8       0x4c ./SDK/platform/utilities/src/fsl_debug_console.o
                0x00002fe8                debug_printf
 .text.debug_putc
                0x00003034       0x44 ./SDK/platform/utilities/src/fsl_debug_console.o
 .text.debug_putchar
                0x00003078       0x30 ./SDK/platform/utilities/src/fsl_debug_console.o
                0x00003078                debug_putchar
 .text.debug_scanf
                0x000030a8       0xb4 ./SDK/platform/utilities/src/fsl_debug_console.o
                0x000030a8                debug_scanf
 .text.debug_getchar
                0x0000315c       0x38 ./SDK/platform/utilities/src/fsl_debug_console.o
                0x0000315c                debug_getchar
 .text._sbrk    0x00003194       0x5c ./SDK/platform/utilities/src/fsl_misc_utilities.o
                0x00003194                _sbrk
 .text.assert_func
                0x000031f0       0x28 ./SDK/platform/utilities/src/fsl_misc_utilities.o
                0x000031f0                assert_func
 .text._doprint
                0x00003218      0x6f4 ./SDK/platform/utilities/src/print_scan.o
                0x00003218                _doprint
 .text._sputc   0x0000390c       0x28 ./SDK/platform/utilities/src/print_scan.o
                0x0000390c                _sputc
 .text.mknumstr
                0x00003934      0x110 ./SDK/platform/utilities/src/print_scan.o
 .text.fput_pad
                0x00003a44       0x44 ./SDK/platform/utilities/src/print_scan.o
 .text.scan_prv
                0x00003a88      0x794 ./SDK/platform/utilities/src/print_scan.o
                0x00003a88                scan_prv
 .text.scan_ignore_white_space
                0x0000421c       0x8c ./SDK/platform/utilities/src/print_scan.o
 .text.SMC_HAL_GetProtection
                0x000042a8       0x24 ./SDK/platform/system/src/power/fsl_power_manager.o
 .text.PMC_HAL_GetAckIsolation
                0x000042cc       0x20 ./SDK/platform/system/src/power/fsl_power_manager.o
 .text.PMC_HAL_ClearAckIsolation
                0x000042ec       0x20 ./SDK/platform/system/src/power/fsl_power_manager.o
 .text.PMC_HAL_GetRegulatorStatus
                0x0000430c       0x20 ./SDK/platform/system/src/power/fsl_power_manager.o
 .text.CLOCK_HAL_GetInternalRefClkMode
                0x0000432c       0x20 ./SDK/platform/system/src/power/fsl_power_manager.o
 .text.CLOCK_HAL_IsOsc0MonitorEnabled
                0x0000434c       0x28 ./SDK/platform/system/src/power/fsl_power_manager.o
 .text.POWER_SYS_Init
                0x00004374       0x7c ./SDK/platform/system/src/power/fsl_power_manager.o
                0x00004374                POWER_SYS_Init
 .text.POWER_SYS_Deinit
                0x000043f0        0xc ./SDK/platform/system/src/power/fsl_power_manager.o
                0x000043f0                POWER_SYS_Deinit
 .text.POWER_SYS_SetMode
                0x000043fc      0x454 ./SDK/platform/system/src/power/fsl_power_manager.o
                0x000043fc                POWER_SYS_SetMode
 .text.POWER_SYS_GetLastMode
                0x00004850       0x40 ./SDK/platform/system/src/power/fsl_power_manager.o
                0x00004850                POWER_SYS_GetLastMode
 .text.POWER_SYS_GetLastModeConfig
                0x00004890       0x4c ./SDK/platform/system/src/power/fsl_power_manager.o
                0x00004890                POWER_SYS_GetLastModeConfig
 .text.POWER_SYS_GetCurrentMode
                0x000048dc       0x44 ./SDK/platform/system/src/power/fsl_power_manager.o
                0x000048dc                POWER_SYS_GetCurrentMode
 .text.POWER_SYS_GetErrorCallbackIndex
                0x00004920       0x14 ./SDK/platform/system/src/power/fsl_power_manager.o
                0x00004920                POWER_SYS_GetErrorCallbackIndex
 .text.POWER_SYS_GetErrorCallback
                0x00004934       0x2c ./SDK/platform/system/src/power/fsl_power_manager.o
                0x00004934                POWER_SYS_GetErrorCallback
 .text.POWER_SYS_GetVeryLowPowerModeStatus
                0x00004960       0x30 ./SDK/platform/system/src/power/fsl_power_manager.o
                0x00004960                POWER_SYS_GetVeryLowPowerModeStatus
 .text.POWER_SYS_GetLowLeakageWakeupResetStatus
                0x00004990       0x20 ./SDK/platform/system/src/power/fsl_power_manager.o
                0x00004990                POWER_SYS_GetLowLeakageWakeupResetStatus
 .text.POWER_SYS_GetAckIsolation
                0x000049b0       0x20 ./SDK/platform/system/src/power/fsl_power_manager.o
                0x000049b0                POWER_SYS_GetAckIsolation
 .text.POWER_SYS_ClearAckIsolation
                0x000049d0       0x20 ./SDK/platform/system/src/power/fsl_power_manager.o
                0x000049d0                POWER_SYS_ClearAckIsolation
 .text.POWER_SYS_SetWakeupModule
                0x000049f0       0x58 ./SDK/platform/system/src/power/fsl_power_manager.o
                0x000049f0                POWER_SYS_SetWakeupModule
 .text.POWER_SYS_GetWakeupModuleFlag
                0x00004a48       0x50 ./SDK/platform/system/src/power/fsl_power_manager.o
                0x00004a48                POWER_SYS_GetWakeupModuleFlag
 .text.POWER_SYS_SetWakeupPin
                0x00004a98       0xa4 ./SDK/platform/system/src/power/fsl_power_manager.o
                0x00004a98                POWER_SYS_SetWakeupPin
 .text.POWER_SYS_GetWakeupPinFlag
                0x00004b3c       0x58 ./SDK/platform/system/src/power/fsl_power_manager.o
                0x00004b3c                POWER_SYS_GetWakeupPinFlag
 .text.POWER_SYS_ClearWakeupPinFlag
                0x00004b94       0x50 ./SDK/platform/system/src/power/fsl_power_manager.o
                0x00004b94                POWER_SYS_ClearWakeupPinFlag
 .text.POWER_SYS_WaitForRunStatus
                0x00004be4       0x68 ./SDK/platform/system/src/power/fsl_power_manager.o
 .text.POWER_SYS_WaitForVlprStatus
                0x00004c4c       0x3c ./SDK/platform/system/src/power/fsl_power_manager.o
 .text.POWER_SYS_CheckClocks
                0x00004c88       0xe0 ./SDK/platform/system/src/power/fsl_power_manager.o
 .text.INT_SYS_InstallHandler
                0x00004d68       0x80 ./SDK/platform/system/src/interrupt/fsl_interrupt_manager.o
                0x00004d68                INT_SYS_InstallHandler
 .text.INT_SYS_EnableIRQGlobal
                0x00004de8       0x2c ./SDK/platform/system/src/interrupt/fsl_interrupt_manager.o
                0x00004de8                INT_SYS_EnableIRQGlobal
 .text.INT_SYS_DisableIRQGlobal
                0x00004e14       0x18 ./SDK/platform/system/src/interrupt/fsl_interrupt_manager.o
                0x00004e14                INT_SYS_DisableIRQGlobal
 .text.SIM_HAL_EnableClock
                0x00004e2c       0x58 ./SDK/platform/system/src/clock/MKL26Z4/fsl_clock_MKL26Z4.o
 .text.SIM_HAL_DisableClock
                0x00004e84       0x4c ./SDK/platform/system/src/clock/MKL26Z4/fsl_clock_MKL26Z4.o
 .text.SIM_HAL_GetGateCmd
                0x00004ed0       0x54 ./SDK/platform/system/src/clock/MKL26Z4/fsl_clock_MKL26Z4.o
 .text.CLOCK_HAL_GetUsbfsSrc
                0x00004f24       0x2c ./SDK/platform/system/src/clock/MKL26Z4/fsl_clock_MKL26Z4.o
 .text.CLOCK_HAL_GetTpmSrc
                0x00004f50       0x2c ./SDK/platform/system/src/clock/MKL26Z4/fsl_clock_MKL26Z4.o
 .text.CLOCK_HAL_GetLpsciSrc
                0x00004f7c       0x2c ./SDK/platform/system/src/clock/MKL26Z4/fsl_clock_MKL26Z4.o
 .text.CLOCK_HAL_SetExternalRefClock32kSrc
                0x00004fa8       0x28 ./SDK/platform/system/src/clock/MKL26Z4/fsl_clock_MKL26Z4.o
 .text.CLOCK_HAL_GetExternalRefClock32kSrc
                0x00004fd0       0x20 ./SDK/platform/system/src/clock/MKL26Z4/fsl_clock_MKL26Z4.o
 .text.CLOCK_HAL_SetPllfllSel
                0x00004ff0       0x30 ./SDK/platform/system/src/clock/MKL26Z4/fsl_clock_MKL26Z4.o
 .text.CLOCK_HAL_GetPllfllSel
                0x00005020       0x28 ./SDK/platform/system/src/clock/MKL26Z4/fsl_clock_MKL26Z4.o
 .text.CLOCK_HAL_GetRtcClkOutSel
                0x00005048       0x28 ./SDK/platform/system/src/clock/MKL26Z4/fsl_clock_MKL26Z4.o
 .text.CLOCK_HAL_GetOutDiv1
                0x00005070       0x2c ./SDK/platform/system/src/clock/MKL26Z4/fsl_clock_MKL26Z4.o
 .text.CLOCK_HAL_GetOutDiv4
                0x0000509c       0x2c ./SDK/platform/system/src/clock/MKL26Z4/fsl_clock_MKL26Z4.o
 .text.CLOCK_SYS_GetLpoClockFreq
                0x000050c8       0x10 ./SDK/platform/system/src/clock/MKL26Z4/fsl_clock_MKL26Z4.o
 .text.OSC_HAL_GetExternalRefClkCmd
                0x000050d8       0x24 ./SDK/platform/system/src/clock/MKL26Z4/fsl_clock_MKL26Z4.o
 .text.CLOCK_SYS_GetFixedFreqClockFreq
                0x000050fc       0x18 ./SDK/platform/system/src/clock/MKL26Z4/fsl_clock_MKL26Z4.o
 .text.CLOCK_SYS_GetRtcOutSrc
                0x00005114       0x18 ./SDK/platform/system/src/clock/MKL26Z4/fsl_clock_MKL26Z4.o
 .text.CLOCK_SYS_GetTpmExternalSrc
                0x0000512c       0x24 ./SDK/platform/system/src/clock/MKL26Z4/fsl_clock_MKL26Z4.o
 .text.CLOCK_SYS_SetSimConfigration
                0x00005150       0x48 ./SDK/platform/system/src/clock/MKL26Z4/fsl_clock_MKL26Z4.o
                0x00005150                CLOCK_SYS_SetSimConfigration
 .text.CLOCK_SYS_SetConfiguration
                0x00005198       0x74 ./SDK/platform/system/src/clock/MKL26Z4/fsl_clock_MKL26Z4.o
                0x00005198                CLOCK_SYS_SetConfiguration
 .text.CLOCK_SYS_GetFreq
                0x0000520c       0xfc ./SDK/platform/system/src/clock/MKL26Z4/fsl_clock_MKL26Z4.o
                0x0000520c                CLOCK_SYS_GetFreq
 .text.CLOCK_SYS_GetCoreClockFreq
                0x00005308       0x34 ./SDK/platform/system/src/clock/MKL26Z4/fsl_clock_MKL26Z4.o
                0x00005308                CLOCK_SYS_GetCoreClockFreq
 .text.CLOCK_SYS_GetSystemClockFreq
                0x0000533c       0x34 ./SDK/platform/system/src/clock/MKL26Z4/fsl_clock_MKL26Z4.o
                0x0000533c                CLOCK_SYS_GetSystemClockFreq
 .text.CLOCK_SYS_GetBusClockFreq
                0x00005370       0x2c ./SDK/platform/system/src/clock/MKL26Z4/fsl_clock_MKL26Z4.o
                0x00005370                CLOCK_SYS_GetBusClockFreq
 .text.CLOCK_SYS_GetFlashClockFreq
                0x0000539c       0x2c ./SDK/platform/system/src/clock/MKL26Z4/fsl_clock_MKL26Z4.o
                0x0000539c                CLOCK_SYS_GetFlashClockFreq
 .text.CLOCK_SYS_GetPllFllClockFreq
                0x000053c8       0x5c ./SDK/platform/system/src/clock/MKL26Z4/fsl_clock_MKL26Z4.o
                0x000053c8                CLOCK_SYS_GetPllFllClockFreq
 .text.CLOCK_SYS_GetRtcOutFreq
                0x00005424       0x24 ./SDK/platform/system/src/clock/MKL26Z4/fsl_clock_MKL26Z4.o
                0x00005424                CLOCK_SYS_GetRtcOutFreq
 .text.CLOCK_SYS_GetExternalRefClock32kFreq
                0x00005448       0x6c ./SDK/platform/system/src/clock/MKL26Z4/fsl_clock_MKL26Z4.o
                0x00005448                CLOCK_SYS_GetExternalRefClock32kFreq
 .text.CLOCK_SYS_GetOsc0ExternalRefClockFreq
                0x000054b4       0x28 ./SDK/platform/system/src/clock/MKL26Z4/fsl_clock_MKL26Z4.o
                0x000054b4                CLOCK_SYS_GetOsc0ExternalRefClockFreq
 .text.CLOCK_SYS_GetCopFreq
                0x000054dc       0x2c ./SDK/platform/system/src/clock/MKL26Z4/fsl_clock_MKL26Z4.o
                0x000054dc                CLOCK_SYS_GetCopFreq
 .text.CLOCK_SYS_GetRtcFreq
                0x00005508       0x18 ./SDK/platform/system/src/clock/MKL26Z4/fsl_clock_MKL26Z4.o
                0x00005508                CLOCK_SYS_GetRtcFreq
 .text.CLOCK_SYS_GetLptmrFreq
                0x00005520       0x68 ./SDK/platform/system/src/clock/MKL26Z4/fsl_clock_MKL26Z4.o
                0x00005520                CLOCK_SYS_GetLptmrFreq
 .text.CLOCK_SYS_GetTpmFreq
                0x00005588       0x68 ./SDK/platform/system/src/clock/MKL26Z4/fsl_clock_MKL26Z4.o
                0x00005588                CLOCK_SYS_GetTpmFreq
 .text.CLOCK_SYS_GetTpmExternalFreq
                0x000055f0       0x38 ./SDK/platform/system/src/clock/MKL26Z4/fsl_clock_MKL26Z4.o
                0x000055f0                CLOCK_SYS_GetTpmExternalFreq
 .text.CLOCK_SYS_GetUsbfsFreq
                0x00005628       0x48 ./SDK/platform/system/src/clock/MKL26Z4/fsl_clock_MKL26Z4.o
                0x00005628                CLOCK_SYS_GetUsbfsFreq
 .text.CLOCK_SYS_GetSpiFreq
                0x00005670       0x38 ./SDK/platform/system/src/clock/MKL26Z4/fsl_clock_MKL26Z4.o
                0x00005670                CLOCK_SYS_GetSpiFreq
 .text.CLOCK_SYS_GetI2cFreq
                0x000056a8       0x38 ./SDK/platform/system/src/clock/MKL26Z4/fsl_clock_MKL26Z4.o
                0x000056a8                CLOCK_SYS_GetI2cFreq
 .text.CLOCK_SYS_GetLpsciFreq
                0x000056e0       0x68 ./SDK/platform/system/src/clock/MKL26Z4/fsl_clock_MKL26Z4.o
                0x000056e0                CLOCK_SYS_GetLpsciFreq
 .text.CLOCK_SYS_GetUartFreq
                0x00005748       0x2c ./SDK/platform/system/src/clock/MKL26Z4/fsl_clock_MKL26Z4.o
                0x00005748                CLOCK_SYS_GetUartFreq
 .text.CLOCK_SYS_GetSaiFreq
                0x00005774       0x58 ./SDK/platform/system/src/clock/MKL26Z4/fsl_clock_MKL26Z4.o
                0x00005774                CLOCK_SYS_GetSaiFreq
 .text.CLOCK_SYS_EnablePortClock
                0x000057cc       0x50 ./SDK/platform/system/src/clock/MKL26Z4/fsl_clock_MKL26Z4.o
                0x000057cc                CLOCK_SYS_EnablePortClock
 .text.CLOCK_SYS_DisablePortClock
                0x0000581c       0x50 ./SDK/platform/system/src/clock/MKL26Z4/fsl_clock_MKL26Z4.o
                0x0000581c                CLOCK_SYS_DisablePortClock
 .text.CLOCK_SYS_GetPortGateCmd
                0x0000586c       0x54 ./SDK/platform/system/src/clock/MKL26Z4/fsl_clock_MKL26Z4.o
                0x0000586c                CLOCK_SYS_GetPortGateCmd
 .text.CLOCK_SYS_EnableAdcClock
                0x000058c0       0x44 ./SDK/platform/system/src/clock/MKL26Z4/fsl_clock_MKL26Z4.o
                0x000058c0                CLOCK_SYS_EnableAdcClock
 .text.CLOCK_SYS_DisableAdcClock
                0x00005904       0x44 ./SDK/platform/system/src/clock/MKL26Z4/fsl_clock_MKL26Z4.o
                0x00005904                CLOCK_SYS_DisableAdcClock
 .text.CLOCK_SYS_GetAdcGateCmd
                0x00005948       0x48 ./SDK/platform/system/src/clock/MKL26Z4/fsl_clock_MKL26Z4.o
                0x00005948                CLOCK_SYS_GetAdcGateCmd
 .text.CLOCK_SYS_EnableDacClock
                0x00005990       0x44 ./SDK/platform/system/src/clock/MKL26Z4/fsl_clock_MKL26Z4.o
                0x00005990                CLOCK_SYS_EnableDacClock
 .text.CLOCK_SYS_DisableDacClock
                0x000059d4       0x44 ./SDK/platform/system/src/clock/MKL26Z4/fsl_clock_MKL26Z4.o
                0x000059d4                CLOCK_SYS_DisableDacClock
 .text.CLOCK_SYS_GetDacGateCmd
                0x00005a18       0x48 ./SDK/platform/system/src/clock/MKL26Z4/fsl_clock_MKL26Z4.o
                0x00005a18                CLOCK_SYS_GetDacGateCmd
 .text.CLOCK_SYS_EnableSpiClock
                0x00005a60       0x48 ./SDK/platform/system/src/clock/MKL26Z4/fsl_clock_MKL26Z4.o
                0x00005a60                CLOCK_SYS_EnableSpiClock
 .text.CLOCK_SYS_DisableSpiClock
                0x00005aa8       0x50 ./SDK/platform/system/src/clock/MKL26Z4/fsl_clock_MKL26Z4.o
                0x00005aa8                CLOCK_SYS_DisableSpiClock
 .text.CLOCK_SYS_GetSpiGateCmd
                0x00005af8       0x4c ./SDK/platform/system/src/clock/MKL26Z4/fsl_clock_MKL26Z4.o
                0x00005af8                CLOCK_SYS_GetSpiGateCmd
 .text.CLOCK_SYS_EnableI2cClock
                0x00005b44       0x50 ./SDK/platform/system/src/clock/MKL26Z4/fsl_clock_MKL26Z4.o
                0x00005b44                CLOCK_SYS_EnableI2cClock
 .text.CLOCK_SYS_DisableI2cClock
                0x00005b94       0x50 ./SDK/platform/system/src/clock/MKL26Z4/fsl_clock_MKL26Z4.o
                0x00005b94                CLOCK_SYS_DisableI2cClock
 .text.CLOCK_SYS_GetI2cGateCmd
                0x00005be4       0x54 ./SDK/platform/system/src/clock/MKL26Z4/fsl_clock_MKL26Z4.o
                0x00005be4                CLOCK_SYS_GetI2cGateCmd
 .text.CLOCK_SYS_DisableLpsciClock
                0x00005c38       0x44 ./SDK/platform/system/src/clock/MKL26Z4/fsl_clock_MKL26Z4.o
                0x00005c38                CLOCK_SYS_DisableLpsciClock
 .text.CLOCK_SYS_GetLpsciGateCmd
                0x00005c7c       0x48 ./SDK/platform/system/src/clock/MKL26Z4/fsl_clock_MKL26Z4.o
                0x00005c7c                CLOCK_SYS_GetLpsciGateCmd
 .text.CLOCK_SYS_EnableLpsciClock
                0x00005cc4       0x44 ./SDK/platform/system/src/clock/MKL26Z4/fsl_clock_MKL26Z4.o
                0x00005cc4                CLOCK_SYS_EnableLpsciClock
 .text.CLOCK_SYS_EnableUartClock
                0x00005d08       0x50 ./SDK/platform/system/src/clock/MKL26Z4/fsl_clock_MKL26Z4.o
                0x00005d08                CLOCK_SYS_EnableUartClock
 .text.CLOCK_SYS_DisableUartClock
                0x00005d58       0x50 ./SDK/platform/system/src/clock/MKL26Z4/fsl_clock_MKL26Z4.o
                0x00005d58                CLOCK_SYS_DisableUartClock
 .text.CLOCK_SYS_GetUartGateCmd
                0x00005da8       0x54 ./SDK/platform/system/src/clock/MKL26Z4/fsl_clock_MKL26Z4.o
                0x00005da8                CLOCK_SYS_GetUartGateCmd
 .text.CLOCK_SYS_EnableTpmClock
                0x00005dfc       0x50 ./SDK/platform/system/src/clock/MKL26Z4/fsl_clock_MKL26Z4.o
                0x00005dfc                CLOCK_SYS_EnableTpmClock
 .text.CLOCK_SYS_DisableTpmClock
                0x00005e4c       0x50 ./SDK/platform/system/src/clock/MKL26Z4/fsl_clock_MKL26Z4.o
                0x00005e4c                CLOCK_SYS_DisableTpmClock
 .text.CLOCK_SYS_GetTpmGateCmd
                0x00005e9c       0x54 ./SDK/platform/system/src/clock/MKL26Z4/fsl_clock_MKL26Z4.o
                0x00005e9c                CLOCK_SYS_GetTpmGateCmd
 .text.SIM_HAL_EnableClock
                0x00005ef0       0x58 ./SDK/platform/system/src/clock/fsl_clock_manager.o
 .text.CLOCK_HAL_SetClkOutSrc
                0x00005f48       0x2c ./SDK/platform/system/src/clock/fsl_clock_manager.o
 .text.CLOCK_HAL_SetClksFrdivIrefs
                0x00005f74       0x68 ./SDK/platform/system/src/clock/fsl_clock_manager.o
 .text.CLOCK_HAL_GetClkOutStat
                0x00005fdc       0x24 ./SDK/platform/system/src/clock/fsl_clock_manager.o
 .text.CLOCK_HAL_SetLowPowerModeCmd
                0x00006000       0x2c ./SDK/platform/system/src/clock/fsl_clock_manager.o
 .text.CLOCK_HAL_GetFllSrc
                0x0000602c       0x20 ./SDK/platform/system/src/clock/fsl_clock_manager.o
 .text.CLOCK_HAL_SetInternalRefClkEnableCmd
                0x0000604c       0x2c ./SDK/platform/system/src/clock/fsl_clock_manager.o
 .text.CLOCK_HAL_SetInternalRefClkEnableInStopCmd
                0x00006078       0x28 ./SDK/platform/system/src/clock/fsl_clock_manager.o
 .text.CLOCK_HAL_SetInternalRefClkMode
                0x000060a0       0x28 ./SDK/platform/system/src/clock/fsl_clock_manager.o
 .text.CLOCK_HAL_GetInternalRefClkMode
                0x000060c8       0x20 ./SDK/platform/system/src/clock/fsl_clock_manager.o
 .text.CLOCK_HAL_SetPll0EnableCmd
                0x000060e8       0x2c ./SDK/platform/system/src/clock/fsl_clock_manager.o
 .text.CLOCK_HAL_IsOsc0Stable
                0x00006114       0x28 ./SDK/platform/system/src/clock/fsl_clock_manager.o
 .text.OSC_HAL_SetExternalRefClkCmd
                0x0000613c       0x2c ./SDK/platform/system/src/clock/fsl_clock_manager.o
 .text.OSC_HAL_SetExternalRefClkInStopModeCmd
                0x00006168       0x2c ./SDK/platform/system/src/clock/fsl_clock_manager.o
 .text.CLOCK_SYS_EnableRtcClock
                0x00006194       0x1c ./SDK/platform/system/src/clock/fsl_clock_manager.o
 .text.RTC_HAL_SetOsc2pfLoadCmd
                0x000061b0       0x28 ./SDK/platform/system/src/clock/fsl_clock_manager.o
 .text.RTC_HAL_SetOsc4pfLoadCmd
                0x000061d8       0x28 ./SDK/platform/system/src/clock/fsl_clock_manager.o
 .text.RTC_HAL_SetOsc8pfLoadCmd
                0x00006200       0x28 ./SDK/platform/system/src/clock/fsl_clock_manager.o
 .text.RTC_HAL_SetOsc16pfLoadCmd
                0x00006228       0x28 ./SDK/platform/system/src/clock/fsl_clock_manager.o
 .text.RTC_HAL_SetOscillatorCmd
                0x00006250       0x28 ./SDK/platform/system/src/clock/fsl_clock_manager.o
 .text.RTC_HAL_IsOscillatorEnabled
                0x00006278       0x24 ./SDK/platform/system/src/clock/fsl_clock_manager.o
 .text.CLOCK_SYS_GetSystickFreq
                0x0000629c       0x28 ./SDK/platform/system/src/clock/fsl_clock_manager.o
                0x0000629c                CLOCK_SYS_GetSystickFreq
 .text.CLOCK_SYS_Init
                0x000062c4       0x90 ./SDK/platform/system/src/clock/fsl_clock_manager.o
                0x000062c4                CLOCK_SYS_Init
 .text.CLOCK_SYS_UpdateConfiguration
                0x00006354      0x1f0 ./SDK/platform/system/src/clock/fsl_clock_manager.o
                0x00006354                CLOCK_SYS_UpdateConfiguration
 .text.CLOCK_SYS_GetCurrentConfiguration
                0x00006544       0x14 ./SDK/platform/system/src/clock/fsl_clock_manager.o
                0x00006544                CLOCK_SYS_GetCurrentConfiguration
 .text.CLOCK_SYS_GetErrorCallback
                0x00006558       0x2c ./SDK/platform/system/src/clock/fsl_clock_manager.o
                0x00006558                CLOCK_SYS_GetErrorCallback
 .text.CLOCK_SYS_FllStableDelay
                0x00006584       0x24 ./SDK/platform/system/src/clock/fsl_clock_manager.o
 .text.CLOCK_SYS_BootToFee
                0x000065a8       0x9c ./SDK/platform/system/src/clock/fsl_clock_manager.o
                0x000065a8                CLOCK_SYS_BootToFee
 .text.CLOCK_SYS_BootToFei
                0x00006644       0x80 ./SDK/platform/system/src/clock/fsl_clock_manager.o
                0x00006644                CLOCK_SYS_BootToFei
 .text.CLOCK_SYS_BootToBlpi
                0x000066c4       0x78 ./SDK/platform/system/src/clock/fsl_clock_manager.o
                0x000066c4                CLOCK_SYS_BootToBlpi
 .text.CLOCK_SYS_BootToBlpe
                0x0000673c       0x74 ./SDK/platform/system/src/clock/fsl_clock_manager.o
                0x0000673c                CLOCK_SYS_BootToBlpe
 .text.CLOCK_SYS_BootToPee
                0x000067b0       0xd0 ./SDK/platform/system/src/clock/fsl_clock_manager.o
                0x000067b0                CLOCK_SYS_BootToPee
 .text.CLOCK_SYS_McgModeToIdx
                0x00006880       0x68 ./SDK/platform/system/src/clock/fsl_clock_manager.o
 .text.CLOCK_SYS_SetMcgMode
                0x000068e8      0x224 ./SDK/platform/system/src/clock/fsl_clock_manager.o
                0x000068e8                CLOCK_SYS_SetMcgMode
 .text.CLOCK_SYS_OscInit
                0x00006b0c       0xf4 ./SDK/platform/system/src/clock/fsl_clock_manager.o
                0x00006b0c                CLOCK_SYS_OscInit
 .text.CLOCK_SYS_OscDeinit
                0x00006c00       0x70 ./SDK/platform/system/src/clock/fsl_clock_manager.o
                0x00006c00                CLOCK_SYS_OscDeinit
 .text.CLOCK_SYS_SetOscerConfigration
                0x00006c70       0x3c ./SDK/platform/system/src/clock/fsl_clock_manager.o
                0x00006c70                CLOCK_SYS_SetOscerConfigration
 .text.CLOCK_SYS_RtcOscInit
                0x00006cac       0xb8 ./SDK/platform/system/src/clock/fsl_clock_manager.o
                0x00006cac                CLOCK_SYS_RtcOscInit
 .text.CLOCK_SYS_RtcOscDeinit
                0x00006d64       0x4c ./SDK/platform/system/src/clock/fsl_clock_manager.o
                0x00006d64                CLOCK_SYS_RtcOscDeinit
 .text.OSA_TimeInit
                0x00006db0        0x8 ./SDK/platform/osa/src/fsl_os_abstraction_bm.o
 .text.OSA_TimeDiff
                0x00006db8       0x30 ./SDK/platform/osa/src/fsl_os_abstraction_bm.o
 .text.OSA_SemaCreate
                0x00006de8       0x54 ./SDK/platform/osa/src/fsl_os_abstraction_bm.o
                0x00006de8                OSA_SemaCreate
 .text.OSA_SemaWait
                0x00006e3c       0xc8 ./SDK/platform/osa/src/fsl_os_abstraction_bm.o
                0x00006e3c                OSA_SemaWait
 .text.OSA_SemaPost
                0x00006f04       0x58 ./SDK/platform/osa/src/fsl_os_abstraction_bm.o
                0x00006f04                OSA_SemaPost
 .text.OSA_SemaDestroy
                0x00006f5c       0x34 ./SDK/platform/osa/src/fsl_os_abstraction_bm.o
                0x00006f5c                OSA_SemaDestroy
 .text.OSA_MutexCreate
                0x00006f90       0x4c ./SDK/platform/osa/src/fsl_os_abstraction_bm.o
                0x00006f90                OSA_MutexCreate
 .text.OSA_MutexLock
                0x00006fdc       0xc8 ./SDK/platform/osa/src/fsl_os_abstraction_bm.o
                0x00006fdc                OSA_MutexLock
 .text.OSA_MutexUnlock
                0x000070a4       0x44 ./SDK/platform/osa/src/fsl_os_abstraction_bm.o
                0x000070a4                OSA_MutexUnlock
 .text.OSA_MutexDestroy
                0x000070e8       0x34 ./SDK/platform/osa/src/fsl_os_abstraction_bm.o
                0x000070e8                OSA_MutexDestroy
 .text.OSA_EventCreate
                0x0000711c       0x58 ./SDK/platform/osa/src/fsl_os_abstraction_bm.o
                0x0000711c                OSA_EventCreate
 .text.OSA_EventWait
                0x00007174      0x124 ./SDK/platform/osa/src/fsl_os_abstraction_bm.o
                0x00007174                OSA_EventWait
 .text.OSA_EventGetFlags
                0x00007298       0x38 ./SDK/platform/osa/src/fsl_os_abstraction_bm.o
                0x00007298                OSA_EventGetFlags
 .text.OSA_EventSet
                0x000072d0       0x4c ./SDK/platform/osa/src/fsl_os_abstraction_bm.o
                0x000072d0                OSA_EventSet
 .text.OSA_EventClear
                0x0000731c       0x4c ./SDK/platform/osa/src/fsl_os_abstraction_bm.o
                0x0000731c                OSA_EventClear
 .text.OSA_EventDestroy
                0x00007368       0x38 ./SDK/platform/osa/src/fsl_os_abstraction_bm.o
                0x00007368                OSA_EventDestroy
 .text.task_init
                0x000073a0       0x60 ./SDK/platform/osa/src/fsl_os_abstraction_bm.o
                0x000073a0                task_init
 .text.OSA_TaskCreate
                0x00007400       0x70 ./SDK/platform/osa/src/fsl_os_abstraction_bm.o
                0x00007400                OSA_TaskCreate
 .text.OSA_TaskDestroy
                0x00007470       0x74 ./SDK/platform/osa/src/fsl_os_abstraction_bm.o
                0x00007470                OSA_TaskDestroy
 .text.OSA_TaskYield
                0x000074e4        0xc ./SDK/platform/osa/src/fsl_os_abstraction_bm.o
                0x000074e4                OSA_TaskYield
 .text.OSA_TaskGetHandler
                0x000074f0       0x14 ./SDK/platform/osa/src/fsl_os_abstraction_bm.o
                0x000074f0                OSA_TaskGetHandler
 .text.OSA_TaskGetPriority
                0x00007504       0x14 ./SDK/platform/osa/src/fsl_os_abstraction_bm.o
                0x00007504                OSA_TaskGetPriority
 .text.OSA_TaskSetPriority
                0x00007518       0x18 ./SDK/platform/osa/src/fsl_os_abstraction_bm.o
                0x00007518                OSA_TaskSetPriority
 .text.OSA_MsgQCreate
                0x00007530       0x78 ./SDK/platform/osa/src/fsl_os_abstraction_bm.o
                0x00007530                OSA_MsgQCreate
 .text.OSA_MsgQPut
                0x000075a8       0xdc ./SDK/platform/osa/src/fsl_os_abstraction_bm.o
                0x000075a8                OSA_MsgQPut
 .text.OSA_MsgQGet
                0x00007684      0x10c ./SDK/platform/osa/src/fsl_os_abstraction_bm.o
                0x00007684                OSA_MsgQGet
 .text.OSA_MsgQDestroy
                0x00007790       0x44 ./SDK/platform/osa/src/fsl_os_abstraction_bm.o
                0x00007790                OSA_MsgQDestroy
 .text.OSA_MemAlloc
                0x000077d4       0x1c ./SDK/platform/osa/src/fsl_os_abstraction_bm.o
                0x000077d4                OSA_MemAlloc
 .text.OSA_MemAllocZero
                0x000077f0       0x1c ./SDK/platform/osa/src/fsl_os_abstraction_bm.o
                0x000077f0                OSA_MemAllocZero
 .text.OSA_MemFree
                0x0000780c       0x1c ./SDK/platform/osa/src/fsl_os_abstraction_bm.o
                0x0000780c                OSA_MemFree
 .text.OSA_TimeDelay
                0x00007828       0x34 ./SDK/platform/osa/src/fsl_os_abstraction_bm.o
                0x00007828                OSA_TimeDelay
 .text.OSA_TimeGetMsec
                0x0000785c        0xc ./SDK/platform/osa/src/fsl_os_abstraction_bm.o
 .text.OSA_InstallIntHandler
                0x00007868       0x24 ./SDK/platform/osa/src/fsl_os_abstraction_bm.o
                0x00007868                OSA_InstallIntHandler
 .text.OSA_EnterCritical
                0x0000788c       0x24 ./SDK/platform/osa/src/fsl_os_abstraction_bm.o
                0x0000788c                OSA_EnterCritical
 .text.OSA_ExitCritical
                0x000078b0       0x24 ./SDK/platform/osa/src/fsl_os_abstraction_bm.o
                0x000078b0                OSA_ExitCritical
 .text.OSA_Init
                0x000078d4       0x14 ./SDK/platform/osa/src/fsl_os_abstraction_bm.o
                0x000078d4                OSA_Init
 .text.OSA_Start
                0x000078e8       0x38 ./SDK/platform/osa/src/fsl_os_abstraction_bm.o
                0x000078e8                OSA_Start
 .text.OSA_PollAllOtherTasks
                0x00007920       0x58 ./SDK/platform/osa/src/fsl_os_abstraction_bm.o
                0x00007920                OSA_PollAllOtherTasks
 .text.UART_HAL_GetReceiverWakeupMethod
                0x00007978       0x20 ./SDK/platform/hal/src/uart/fsl_uart_hal.o
 .text.UART_HAL_Init
                0x00007998       0x38 ./SDK/platform/hal/src/uart/fsl_uart_hal.o
                0x00007998                UART_HAL_Init
 .text.UART_HAL_SetBaudRate
                0x000079d0       0x70 ./SDK/platform/hal/src/uart/fsl_uart_hal.o
                0x000079d0                UART_HAL_SetBaudRate
 .text.UART_HAL_SetBaudRateDivisor
                0x00007a40       0x68 ./SDK/platform/hal/src/uart/fsl_uart_hal.o
                0x00007a40                UART_HAL_SetBaudRateDivisor
 .text.UART_HAL_SetParityMode
                0x00007aa8       0x48 ./SDK/platform/hal/src/uart/fsl_uart_hal.o
                0x00007aa8                UART_HAL_SetParityMode
 .text.UART_HAL_Putchar
                0x00007af0       0x34 ./SDK/platform/hal/src/uart/fsl_uart_hal.o
                0x00007af0                UART_HAL_Putchar
 .text.UART_HAL_Putchar9
                0x00007b24       0x64 ./SDK/platform/hal/src/uart/fsl_uart_hal.o
                0x00007b24                UART_HAL_Putchar9
 .text.UART_HAL_Getchar
                0x00007b88       0x34 ./SDK/platform/hal/src/uart/fsl_uart_hal.o
                0x00007b88                UART_HAL_Getchar
 .text.UART_HAL_Getchar9
                0x00007bbc       0x58 ./SDK/platform/hal/src/uart/fsl_uart_hal.o
                0x00007bbc                UART_HAL_Getchar9
 .text.UART_HAL_SendDataPolling
                0x00007c14       0x48 ./SDK/platform/hal/src/uart/fsl_uart_hal.o
                0x00007c14                UART_HAL_SendDataPolling
 .text.UART_HAL_ReceiveDataPolling
                0x00007c5c       0xa8 ./SDK/platform/hal/src/uart/fsl_uart_hal.o
                0x00007c5c                UART_HAL_ReceiveDataPolling
 .text.UART_HAL_SetIntMode
                0x00007d04       0xec ./SDK/platform/hal/src/uart/fsl_uart_hal.o
                0x00007d04                UART_HAL_SetIntMode
 .text.UART_HAL_GetIntMode
                0x00007df0       0xac ./SDK/platform/hal/src/uart/fsl_uart_hal.o
                0x00007df0                UART_HAL_GetIntMode
 .text.UART_HAL_SetTxDmaCmd
                0x00007e9c       0x70 ./SDK/platform/hal/src/uart/fsl_uart_hal.o
                0x00007e9c                UART_HAL_SetTxDmaCmd
 .text.UART_HAL_SetRxDmaCmd
                0x00007f0c       0x44 ./SDK/platform/hal/src/uart/fsl_uart_hal.o
                0x00007f0c                UART_HAL_SetRxDmaCmd
 .text.UART_HAL_GetStatusFlag
                0x00007f50       0x88 ./SDK/platform/hal/src/uart/fsl_uart_hal.o
                0x00007f50                UART_HAL_GetStatusFlag
 .text.UART_HAL_ClearStatusFlag
                0x00007fd8       0x98 ./SDK/platform/hal/src/uart/fsl_uart_hal.o
                0x00007fd8                UART_HAL_ClearStatusFlag
 .text.UART_HAL_PutReceiverInStandbyMode
                0x00008070       0x68 ./SDK/platform/hal/src/uart/fsl_uart_hal.o
                0x00008070                UART_HAL_PutReceiverInStandbyMode
 .text.UART_HAL_ConfigIdleLineDetect
                0x000080d8       0x50 ./SDK/platform/hal/src/uart/fsl_uart_hal.o
                0x000080d8                UART_HAL_ConfigIdleLineDetect
 .text.SMC_HAL_SetPowerModeRun
                0x00008128       0x30 ./SDK/platform/hal/src/smc/fsl_smc_hal.o
 .text.SMC_HAL_SetPowerModeVlpr
                0x00008158       0x30 ./SDK/platform/hal/src/smc/fsl_smc_hal.o
 .text.SMC_HAL_SetMode
                0x00008188      0x190 ./SDK/platform/hal/src/smc/fsl_smc_hal.o
                0x00008188                SMC_HAL_SetMode
 .text.SMC_HAL_GetStat
                0x00008318       0x18 ./SDK/platform/hal/src/smc/fsl_smc_hal.o
                0x00008318                SMC_HAL_GetStat
 .text.CLOCK_HAL_SetOutDiv
                0x00008330       0x58 ./SDK/platform/hal/src/sim/MKL26Z4/fsl_sim_hal_MKL26Z4.o
                0x00008330                CLOCK_HAL_SetOutDiv
 .text.CLOCK_HAL_GetOutDiv
                0x00008388       0x58 ./SDK/platform/hal/src/sim/MKL26Z4/fsl_sim_hal_MKL26Z4.o
                0x00008388                CLOCK_HAL_GetOutDiv
 .text.SIM_HAL_SetAdcAlternativeTriggerCmd
                0x000083e0       0x5c ./SDK/platform/hal/src/sim/MKL26Z4/fsl_sim_hal_MKL26Z4.o
                0x000083e0                SIM_HAL_SetAdcAlternativeTriggerCmd
 .text.SIM_HAL_GetAdcAlternativeTriggerCmd
                0x0000843c       0x60 ./SDK/platform/hal/src/sim/MKL26Z4/fsl_sim_hal_MKL26Z4.o
                0x0000843c                SIM_HAL_GetAdcAlternativeTriggerCmd
 .text.SIM_HAL_SetAdcPreTriggerMode
                0x0000849c       0x50 ./SDK/platform/hal/src/sim/MKL26Z4/fsl_sim_hal_MKL26Z4.o
                0x0000849c                SIM_HAL_SetAdcPreTriggerMode
 .text.SIM_HAL_GetAdcPreTriggerMode
                0x000084ec       0x5c ./SDK/platform/hal/src/sim/MKL26Z4/fsl_sim_hal_MKL26Z4.o
                0x000084ec                SIM_HAL_GetAdcPreTriggerMode
 .text.SIM_HAL_SetAdcTriggerMode
                0x00008548       0x50 ./SDK/platform/hal/src/sim/MKL26Z4/fsl_sim_hal_MKL26Z4.o
                0x00008548                SIM_HAL_SetAdcTriggerMode
 .text.SIM_HAL_GetAdcTriggerMode
                0x00008598       0x60 ./SDK/platform/hal/src/sim/MKL26Z4/fsl_sim_hal_MKL26Z4.o
                0x00008598                SIM_HAL_GetAdcTriggerMode
 .text.SIM_HAL_SetAdcTriggerModeOneStep
                0x000085f8       0x9c ./SDK/platform/hal/src/sim/MKL26Z4/fsl_sim_hal_MKL26Z4.o
                0x000085f8                SIM_HAL_SetAdcTriggerModeOneStep
 .text.SIM_HAL_SetUartOpenDrainCmd
                0x00008694       0x90 ./SDK/platform/hal/src/sim/MKL26Z4/fsl_sim_hal_MKL26Z4.o
                0x00008694                SIM_HAL_SetUartOpenDrainCmd
 .text.SIM_HAL_GetUartOpenDrainCmd
                0x00008724       0x8c ./SDK/platform/hal/src/sim/MKL26Z4/fsl_sim_hal_MKL26Z4.o
                0x00008724                SIM_HAL_GetUartOpenDrainCmd
 .text.SIM_HAL_SetTpmExternalClkPinSelMode
                0x000087b0       0x94 ./SDK/platform/hal/src/sim/MKL26Z4/fsl_sim_hal_MKL26Z4.o
                0x000087b0                SIM_HAL_SetTpmExternalClkPinSelMode
 .text.SIM_HAL_GetTpmExternalClkPinSelMode
                0x00008844       0xa4 ./SDK/platform/hal/src/sim/MKL26Z4/fsl_sim_hal_MKL26Z4.o
                0x00008844                SIM_HAL_GetTpmExternalClkPinSelMode
 .text.SIM_HAL_SetTpmChSrcMode
                0x000088e8       0x84 ./SDK/platform/hal/src/sim/MKL26Z4/fsl_sim_hal_MKL26Z4.o
                0x000088e8                SIM_HAL_SetTpmChSrcMode
 .text.SIM_HAL_GetTpmChSrcMode
                0x0000896c       0x8c ./SDK/platform/hal/src/sim/MKL26Z4/fsl_sim_hal_MKL26Z4.o
                0x0000896c                SIM_HAL_GetTpmChSrcMode
 .text.RTC_HAL_GetSecsReg
                0x000089f8       0x14 ./SDK/platform/hal/src/rtc/fsl_rtc_hal.o
 .text.RTC_HAL_SetSecsReg
                0x00008a0c       0x24 ./SDK/platform/hal/src/rtc/fsl_rtc_hal.o
 .text.RTC_HAL_SetAlarmReg
                0x00008a30       0x18 ./SDK/platform/hal/src/rtc/fsl_rtc_hal.o
 .text.RTC_HAL_GetAlarmReg
                0x00008a48       0x14 ./SDK/platform/hal/src/rtc/fsl_rtc_hal.o
 .text.RTC_HAL_SoftwareReset
                0x00008a5c       0x20 ./SDK/platform/hal/src/rtc/fsl_rtc_hal.o
 .text.RTC_HAL_SoftwareResetFlagClear
                0x00008a7c       0x20 ./SDK/platform/hal/src/rtc/fsl_rtc_hal.o
 .text.RTC_HAL_EnableCounter
                0x00008a9c       0x28 ./SDK/platform/hal/src/rtc/fsl_rtc_hal.o
 .text.RTC_HAL_SetSecsIntCmd
                0x00008ac4       0x28 ./SDK/platform/hal/src/rtc/fsl_rtc_hal.o
 .text.RTC_HAL_SetAlarmIntCmd
                0x00008aec       0x28 ./SDK/platform/hal/src/rtc/fsl_rtc_hal.o
 .text.RTC_HAL_SetTimeOverflowIntCmd
                0x00008b14       0x28 ./SDK/platform/hal/src/rtc/fsl_rtc_hal.o
 .text.RTC_HAL_SetTimeInvalidIntCmd
                0x00008b3c       0x28 ./SDK/platform/hal/src/rtc/fsl_rtc_hal.o
 .text.RTC_HAL_ConvertSecsToDatetime
                0x00008b64      0x12c ./SDK/platform/hal/src/rtc/fsl_rtc_hal.o
                0x00008b64                RTC_HAL_ConvertSecsToDatetime
 .text.RTC_HAL_IsDatetimeCorrectFormat
                0x00008c90       0xe8 ./SDK/platform/hal/src/rtc/fsl_rtc_hal.o
                0x00008c90                RTC_HAL_IsDatetimeCorrectFormat
 .text.RTC_HAL_ConvertDatetimeToSecs
                0x00008d78       0xbc ./SDK/platform/hal/src/rtc/fsl_rtc_hal.o
                0x00008d78                RTC_HAL_ConvertDatetimeToSecs
 .text.RTC_HAL_Init
                0x00008e34       0x64 ./SDK/platform/hal/src/rtc/fsl_rtc_hal.o
                0x00008e34                RTC_HAL_Init
 .text.RTC_HAL_SetDatetime
                0x00008e98       0x4c ./SDK/platform/hal/src/rtc/fsl_rtc_hal.o
                0x00008e98                RTC_HAL_SetDatetime
 .text.RTC_HAL_SetDatetimeInsecs
                0x00008ee4       0x30 ./SDK/platform/hal/src/rtc/fsl_rtc_hal.o
                0x00008ee4                RTC_HAL_SetDatetimeInsecs
 .text.RTC_HAL_GetDatetime
                0x00008f14       0x50 ./SDK/platform/hal/src/rtc/fsl_rtc_hal.o
                0x00008f14                RTC_HAL_GetDatetime
 .text.RTC_HAL_GetDatetimeInSecs
                0x00008f64       0x40 ./SDK/platform/hal/src/rtc/fsl_rtc_hal.o
                0x00008f64                RTC_HAL_GetDatetimeInSecs
 .text.RTC_HAL_SetAlarm
                0x00008fa4       0x68 ./SDK/platform/hal/src/rtc/fsl_rtc_hal.o
                0x00008fa4                RTC_HAL_SetAlarm
 .text.RTC_HAL_GetAlarm
                0x0000900c       0x50 ./SDK/platform/hal/src/rtc/fsl_rtc_hal.o
                0x0000900c                RTC_HAL_GetAlarm
 .text.RCM_HAL_GetSrcStatus
                0x0000905c       0x3c ./SDK/platform/hal/src/rcm/fsl_rcm_hal.o
                0x0000905c                RCM_HAL_GetSrcStatus
 .text.RCM_HAL_SetResetPinFilterConfig
                0x00009098       0x5c ./SDK/platform/hal/src/rcm/fsl_rcm_hal.o
                0x00009098                RCM_HAL_SetResetPinFilterConfig
 .text.PORT_HAL_SetLowGlobalPinCtrl
                0x000090f4       0x38 ./SDK/platform/hal/src/port/fsl_port_hal.o
                0x000090f4                PORT_HAL_SetLowGlobalPinCtrl
 .text.PORT_HAL_SetHighGlobalPinCtrl
                0x0000912c       0x38 ./SDK/platform/hal/src/port/fsl_port_hal.o
                0x0000912c                PORT_HAL_SetHighGlobalPinCtrl
 .text.OSC_HAL_SetCapacitor
                0x00009164       0x28 ./SDK/platform/hal/src/osc/fsl_osc_hal.o
                0x00009164                OSC_HAL_SetCapacitor
 .text.CLOCK_HAL_GetClkOutStat
                0x0000918c       0x24 ./SDK/platform/hal/src/mcg/fsl_mcg_hal.o
 .text.CLOCK_HAL_SetInternalRefClkMode
                0x000091b0       0x28 ./SDK/platform/hal/src/mcg/fsl_mcg_hal.o
 .text.CLOCK_HAL_GetInternalRefClkMode
                0x000091d8       0x20 ./SDK/platform/hal/src/mcg/fsl_mcg_hal.o
 .text.CLOCK_HAL_IsPll0Locked
                0x000091f8       0x28 ./SDK/platform/hal/src/mcg/fsl_mcg_hal.o
 .text.CLOCK_HAL_IsPllSelected
                0x00009220       0x28 ./SDK/platform/hal/src/mcg/fsl_mcg_hal.o
 .text.CLOCK_HAL_IsOsc0Stable
                0x00009248       0x28 ./SDK/platform/hal/src/mcg/fsl_mcg_hal.o
 .text.CLOCK_HAL_IsAutoTrimMachineFailed
                0x00009270       0x28 ./SDK/platform/hal/src/mcg/fsl_mcg_hal.o
 .text.CLOCK_HAL_TestOscFreq
                0x00009298       0x24 ./SDK/platform/hal/src/mcg/fsl_mcg_hal.o
                0x00009298                CLOCK_HAL_TestOscFreq
 .text.CLOCK_HAL_PrepareOsc
                0x000092bc       0x40 ./SDK/platform/hal/src/mcg/fsl_mcg_hal.o
                0x000092bc                CLOCK_HAL_PrepareOsc
 .text.CLOCK_HAL_GetMcgExternalClkFreq
                0x000092fc       0x18 ./SDK/platform/hal/src/mcg/fsl_mcg_hal.o
 .text.CLOCK_HAL_TestFllExternalRefFreq
                0x00009314       0x78 ./SDK/platform/hal/src/mcg/fsl_mcg_hal.o
                0x00009314                CLOCK_HAL_TestFllExternalRefFreq
 .text.CLOCK_HAL_GetFllRefClk
                0x0000938c       0x94 ./SDK/platform/hal/src/mcg/fsl_mcg_hal.o
                0x0000938c                CLOCK_HAL_GetFllRefClk
 .text.CLOCK_HAL_TestFllFreq
                0x00009420       0x6c ./SDK/platform/hal/src/mcg/fsl_mcg_hal.o
                0x00009420                CLOCK_HAL_TestFllFreq
 .text.CLOCK_HAL_GetFllClk
                0x0000948c       0x80 ./SDK/platform/hal/src/mcg/fsl_mcg_hal.o
                0x0000948c                CLOCK_HAL_GetFllClk
 .text.CLOCK_HAL_UpdateFastClkInternalRefDiv
                0x0000950c       0xbc ./SDK/platform/hal/src/mcg/fsl_mcg_hal.o
                0x0000950c                CLOCK_HAL_UpdateFastClkInternalRefDiv
 .text.CLOCK_HAL_UpdateInternalRefClk
                0x000095c8       0x90 ./SDK/platform/hal/src/mcg/fsl_mcg_hal.o
                0x000095c8                CLOCK_HAL_UpdateInternalRefClk
 .text.CLOCK_HAL_GetAvailableFrdiv
                0x00009658       0xcc ./SDK/platform/hal/src/mcg/fsl_mcg_hal.o
                0x00009658                CLOCK_HAL_GetAvailableFrdiv
 .text.CLOCK_HAL_CalculatePllDiv
                0x00009724      0x1d8 ./SDK/platform/hal/src/mcg/fsl_mcg_hal.o
                0x00009724                CLOCK_HAL_CalculatePllDiv
 .text.CLOCK_HAL_GetPll0RefFreq
                0x000098fc       0x1c ./SDK/platform/hal/src/mcg/fsl_mcg_hal.o
                0x000098fc                CLOCK_HAL_GetPll0RefFreq
 .text.CLOCK_HAL_GetPll0Clk
                0x00009918       0x98 ./SDK/platform/hal/src/mcg/fsl_mcg_hal.o
                0x00009918                CLOCK_HAL_GetPll0Clk
 .text.CLOCK_HAL_EnablePll0InFllMode
                0x000099b0       0x94 ./SDK/platform/hal/src/mcg/fsl_mcg_hal.o
                0x000099b0                CLOCK_HAL_EnablePll0InFllMode
 .text.CLOCK_HAL_GetInternalRefClk
                0x00009a44       0x68 ./SDK/platform/hal/src/mcg/fsl_mcg_hal.o
                0x00009a44                CLOCK_HAL_GetInternalRefClk
 .text.CLOCK_HAL_GetFixedFreqClk
                0x00009aac       0x3c ./SDK/platform/hal/src/mcg/fsl_mcg_hal.o
                0x00009aac                CLOCK_HAL_GetFixedFreqClk
 .text.CLOCK_HAL_GetOutClk
                0x00009ae8       0x7c ./SDK/platform/hal/src/mcg/fsl_mcg_hal.o
                0x00009ae8                CLOCK_HAL_GetOutClk
 .text.CLOCK_HAL_SetOsc0Mode
                0x00009b64       0x6c ./SDK/platform/hal/src/mcg/fsl_mcg_hal.o
                0x00009b64                CLOCK_HAL_SetOsc0Mode
 .text.CLOCK_HAL_EnableOsc0Monitor
                0x00009bd0       0x3c ./SDK/platform/hal/src/mcg/fsl_mcg_hal.o
                0x00009bd0                CLOCK_HAL_EnableOsc0Monitor
 .text.CLOCK_HAL_TrimInternalRefClk
                0x00009c0c      0x14c ./SDK/platform/hal/src/mcg/fsl_mcg_hal.o
                0x00009c0c                CLOCK_HAL_TrimInternalRefClk
 .text.CLOCK_HAL_GetClkOutStat
                0x00009d58       0x24 ./SDK/platform/hal/src/mcg/fsl_mcg_hal_modes.o
 .text.CLOCK_HAL_GetFllSrc
                0x00009d7c       0x20 ./SDK/platform/hal/src/mcg/fsl_mcg_hal_modes.o
 .text.CLOCK_HAL_GetInternalRefClkMode
                0x00009d9c       0x20 ./SDK/platform/hal/src/mcg/fsl_mcg_hal_modes.o
 .text.CLOCK_HAL_SetPll0EnableCmd
                0x00009dbc       0x2c ./SDK/platform/hal/src/mcg/fsl_mcg_hal_modes.o
 .text.CLOCK_HAL_IsPll0Locked
                0x00009de8       0x28 ./SDK/platform/hal/src/mcg/fsl_mcg_hal_modes.o
 .text.CLOCK_HAL_IsPllSelected
                0x00009e10       0x28 ./SDK/platform/hal/src/mcg/fsl_mcg_hal_modes.o
 .text.CLOCK_HAL_IsOsc0Stable
                0x00009e38       0x28 ./SDK/platform/hal/src/mcg/fsl_mcg_hal_modes.o
 .text.CLOCK_HAL_GetMcgMode
                0x00009e60      0x14c ./SDK/platform/hal/src/mcg/fsl_mcg_hal_modes.o
                0x00009e60                CLOCK_HAL_GetMcgMode
 .text.CLOCK_HAL_SetFeiMode
                0x00009fac       0xf8 ./SDK/platform/hal/src/mcg/fsl_mcg_hal_modes.o
                0x00009fac                CLOCK_HAL_SetFeiMode
 .text.CLOCK_HAL_SetFeeMode
                0x0000a0a4      0x138 ./SDK/platform/hal/src/mcg/fsl_mcg_hal_modes.o
                0x0000a0a4                CLOCK_HAL_SetFeeMode
 .text.CLOCK_HAL_SetFbiMode
                0x0000a1dc      0x14c ./SDK/platform/hal/src/mcg/fsl_mcg_hal_modes.o
                0x0000a1dc                CLOCK_HAL_SetFbiMode
 .text.CLOCK_HAL_SetFbeMode
                0x0000a328      0x170 ./SDK/platform/hal/src/mcg/fsl_mcg_hal_modes.o
                0x0000a328                CLOCK_HAL_SetFbeMode
 .text.CLOCK_HAL_SetBlpiMode
                0x0000a498       0x74 ./SDK/platform/hal/src/mcg/fsl_mcg_hal_modes.o
                0x0000a498                CLOCK_HAL_SetBlpiMode
 .text.CLOCK_HAL_SetBlpeMode
                0x0000a50c       0x38 ./SDK/platform/hal/src/mcg/fsl_mcg_hal_modes.o
                0x0000a50c                CLOCK_HAL_SetBlpeMode
 .text.CLOCK_HAL_SetPbeMode
                0x0000a544      0x110 ./SDK/platform/hal/src/mcg/fsl_mcg_hal_modes.o
                0x0000a544                CLOCK_HAL_SetPbeMode
 .text.CLOCK_HAL_SetPeeMode
                0x0000a654       0x34 ./SDK/platform/hal/src/mcg/fsl_mcg_hal_modes.o
                0x0000a654                CLOCK_HAL_SetPeeMode
 .text.LPTMR_HAL_Disable
                0x0000a688       0x1c ./SDK/platform/hal/src/lptmr/fsl_lptmr_hal.o
 .text.LPTMR_HAL_ClearIntFlag
                0x0000a6a4       0x1c ./SDK/platform/hal/src/lptmr/fsl_lptmr_hal.o
 .text.LPTMR_HAL_SetIntCmd
                0x0000a6c0       0x28 ./SDK/platform/hal/src/lptmr/fsl_lptmr_hal.o
 .text.LPTMR_HAL_SetCompareValue
                0x0000a6e8       0x24 ./SDK/platform/hal/src/lptmr/fsl_lptmr_hal.o
 .text.LPTMR_HAL_Init
                0x0000a70c       0x88 ./SDK/platform/hal/src/lptmr/fsl_lptmr_hal.o
                0x0000a70c                LPTMR_HAL_Init
 .text.LPTMR_HAL_SetTimerWorkingMode
                0x0000a794       0x5c ./SDK/platform/hal/src/lptmr/fsl_lptmr_hal.o
                0x0000a794                LPTMR_HAL_SetTimerWorkingMode
 .text.LPTMR_HAL_SetPrescalerMode
                0x0000a7f0       0x3c ./SDK/platform/hal/src/lptmr/fsl_lptmr_hal.o
                0x0000a7f0                LPTMR_HAL_SetPrescalerMode
 .text.LPTMR_HAL_GetCounterValue
                0x0000a82c       0x30 ./SDK/platform/hal/src/lptmr/fsl_lptmr_hal.o
                0x0000a82c                LPTMR_HAL_GetCounterValue
 .text.LPSCI_HAL_Putchar
                0x0000a85c       0x1c ./SDK/platform/hal/src/lpsci/fsl_lpsci_hal.o
 .text.LPSCI_HAL_Getchar
                0x0000a878       0x1c ./SDK/platform/hal/src/lpsci/fsl_lpsci_hal.o
 .text.LPSCI_HAL_GetReceiverWakeupMethod
                0x0000a894       0x20 ./SDK/platform/hal/src/lpsci/fsl_lpsci_hal.o
 .text.LPSCI_HAL_Init
                0x0000a8b4       0x4c ./SDK/platform/hal/src/lpsci/fsl_lpsci_hal.o
                0x0000a8b4                LPSCI_HAL_Init
 .text.LPSCI_HAL_SetBaudRate
                0x0000a900      0x154 ./SDK/platform/hal/src/lpsci/fsl_lpsci_hal.o
                0x0000a900                LPSCI_HAL_SetBaudRate
 .text.LPSCI_HAL_SetBaudRateDivisor
                0x0000aa54       0x68 ./SDK/platform/hal/src/lpsci/fsl_lpsci_hal.o
                0x0000aa54                LPSCI_HAL_SetBaudRateDivisor
 .text.LPSCI_HAL_SetParityMode
                0x0000aabc       0x48 ./SDK/platform/hal/src/lpsci/fsl_lpsci_hal.o
                0x0000aabc                LPSCI_HAL_SetParityMode
 .text.LPSCI_HAL_Putchar9
                0x0000ab04       0x4c ./SDK/platform/hal/src/lpsci/fsl_lpsci_hal.o
                0x0000ab04                LPSCI_HAL_Putchar9
 .text.LPSCI_HAL_Putchar10
                0x0000ab50       0x7c ./SDK/platform/hal/src/lpsci/fsl_lpsci_hal.o
                0x0000ab50                LPSCI_HAL_Putchar10
 .text.LPSCI_HAL_Getchar9
                0x0000abcc       0x40 ./SDK/platform/hal/src/lpsci/fsl_lpsci_hal.o
                0x0000abcc                LPSCI_HAL_Getchar9
 .text.LPSCI_HAL_Getchar10
                0x0000ac0c       0x60 ./SDK/platform/hal/src/lpsci/fsl_lpsci_hal.o
                0x0000ac0c                LPSCI_HAL_Getchar10
 .text.LPSCI_HAL_SendDataPolling
                0x0000ac6c       0x48 ./SDK/platform/hal/src/lpsci/fsl_lpsci_hal.o
                0x0000ac6c                LPSCI_HAL_SendDataPolling
 .text.LPSCI_HAL_ReceiveDataPolling
                0x0000acb4       0x8c ./SDK/platform/hal/src/lpsci/fsl_lpsci_hal.o
                0x0000acb4                LPSCI_HAL_ReceiveDataPolling
 .text.LPSCI_HAL_SetIntMode
                0x0000ad40       0xec ./SDK/platform/hal/src/lpsci/fsl_lpsci_hal.o
                0x0000ad40                LPSCI_HAL_SetIntMode
 .text.LPSCI_HAL_GetIntMode
                0x0000ae2c       0xac ./SDK/platform/hal/src/lpsci/fsl_lpsci_hal.o
                0x0000ae2c                LPSCI_HAL_GetIntMode
 .text.LPSCI_HAL_SetTxDmaCmd
                0x0000aed8       0x2c ./SDK/platform/hal/src/lpsci/fsl_lpsci_hal.o
                0x0000aed8                LPSCI_HAL_SetTxDmaCmd
 .text.LPSCI_HAL_SetRxDmaCmd
                0x0000af04       0x2c ./SDK/platform/hal/src/lpsci/fsl_lpsci_hal.o
                0x0000af04                LPSCI_HAL_SetRxDmaCmd
 .text.LPSCI_HAL_GetStatusFlag
                0x0000af30       0x88 ./SDK/platform/hal/src/lpsci/fsl_lpsci_hal.o
                0x0000af30                LPSCI_HAL_GetStatusFlag
 .text.LPSCI_HAL_ClearStatusFlag
                0x0000afb8       0xb8 ./SDK/platform/hal/src/lpsci/fsl_lpsci_hal.o
                0x0000afb8                LPSCI_HAL_ClearStatusFlag
 .text.LPSCI_HAL_PutReceiverInStandbyMode
                0x0000b070       0x68 ./SDK/platform/hal/src/lpsci/fsl_lpsci_hal.o
                0x0000b070                LPSCI_HAL_PutReceiverInStandbyMode
 .text.LPSCI_HAL_ConfigIdleLineDetect
                0x0000b0d8       0x50 ./SDK/platform/hal/src/lpsci/fsl_lpsci_hal.o
                0x0000b0d8                LPSCI_HAL_ConfigIdleLineDetect
 .text.LPSCI_HAL_SetMatchAddress
                0x0000b128       0x68 ./SDK/platform/hal/src/lpsci/fsl_lpsci_hal.o
                0x0000b128                LPSCI_HAL_SetMatchAddress
 .text.LLWU_HAL_SetExternalInputPinMode
                0x0000b190       0xc4 ./SDK/platform/hal/src/llwu/fsl_llwu_hal.o
                0x0000b190                LLWU_HAL_SetExternalInputPinMode
 .text.LLWU_HAL_SetInternalModuleCmd
                0x0000b254       0x5c ./SDK/platform/hal/src/llwu/fsl_llwu_hal.o
                0x0000b254                LLWU_HAL_SetInternalModuleCmd
 .text.LLWU_HAL_GetExternalPinWakeupFlag
                0x0000b2b0       0x70 ./SDK/platform/hal/src/llwu/fsl_llwu_hal.o
                0x0000b2b0                LLWU_HAL_GetExternalPinWakeupFlag
 .text.LLWU_HAL_ClearExternalPinWakeupFlag
                0x0000b320       0x50 ./SDK/platform/hal/src/llwu/fsl_llwu_hal.o
                0x0000b320                LLWU_HAL_ClearExternalPinWakeupFlag
 .text.LLWU_HAL_GetInternalModuleWakeupFlag
                0x0000b370       0x3c ./SDK/platform/hal/src/llwu/fsl_llwu_hal.o
                0x0000b370                LLWU_HAL_GetInternalModuleWakeupFlag
 .text.LLWU_HAL_SetPinFilterMode
                0x0000b3ac       0xa0 ./SDK/platform/hal/src/llwu/fsl_llwu_hal.o
                0x0000b3ac                LLWU_HAL_SetPinFilterMode
 .text.LLWU_HAL_GetFilterDetectFlag
                0x0000b44c       0x90 ./SDK/platform/hal/src/llwu/fsl_llwu_hal.o
                0x0000b44c                LLWU_HAL_GetFilterDetectFlag
 .text.LLWU_HAL_ClearFilterDetectFlag
                0x0000b4dc       0x60 ./SDK/platform/hal/src/llwu/fsl_llwu_hal.o
                0x0000b4dc                LLWU_HAL_ClearFilterDetectFlag
 .text.I2C_HAL_SendAck
                0x0000b53c       0x20 ./SDK/platform/hal/src/i2c/fsl_i2c_hal.o
 .text.I2C_HAL_SendNak
                0x0000b55c       0x20 ./SDK/platform/hal/src/i2c/fsl_i2c_hal.o
 .text.I2C_HAL_SetDirMode
                0x0000b57c       0x2c ./SDK/platform/hal/src/i2c/fsl_i2c_hal.o
 .text.I2C_HAL_ReadByte
                0x0000b5a8       0x18 ./SDK/platform/hal/src/i2c/fsl_i2c_hal.o
 .text.I2C_HAL_WriteByte
                0x0000b5c0       0x1c ./SDK/platform/hal/src/i2c/fsl_i2c_hal.o
 .text.I2C_HAL_GetStatusFlag
                0x0000b5dc       0x34 ./SDK/platform/hal/src/i2c/fsl_i2c_hal.o
 .text.I2C_HAL_IsIntPending
                0x0000b610       0x28 ./SDK/platform/hal/src/i2c/fsl_i2c_hal.o
 .text.I2C_HAL_ClearInt
                0x0000b638       0x14 ./SDK/platform/hal/src/i2c/fsl_i2c_hal.o
 .text.I2C_HAL_GetStartFlag
                0x0000b64c       0x28 ./SDK/platform/hal/src/i2c/fsl_i2c_hal.o
 .text.I2C_HAL_ClearStartFlag
                0x0000b674       0x20 ./SDK/platform/hal/src/i2c/fsl_i2c_hal.o
 .text.I2C_HAL_Init
                0x0000b694       0x50 ./SDK/platform/hal/src/i2c/fsl_i2c_hal.o
                0x0000b694                I2C_HAL_Init
 .text.I2C_HAL_SetBaudRate
                0x0000b6e4       0xe0 ./SDK/platform/hal/src/i2c/fsl_i2c_hal.o
                0x0000b6e4                I2C_HAL_SetBaudRate
 .text.I2C_HAL_SendStart
                0x0000b7c4       0x9c ./SDK/platform/hal/src/i2c/fsl_i2c_hal.o
                0x0000b7c4                I2C_HAL_SendStart
 .text.I2C_HAL_SendStop
                0x0000b860       0x7c ./SDK/platform/hal/src/i2c/fsl_i2c_hal.o
                0x0000b860                I2C_HAL_SendStop
 .text.I2C_HAL_SetAddress7bit
                0x0000b8dc       0x30 ./SDK/platform/hal/src/i2c/fsl_i2c_hal.o
                0x0000b8dc                I2C_HAL_SetAddress7bit
 .text.I2C_HAL_SetAddress10bit
                0x0000b90c       0x64 ./SDK/platform/hal/src/i2c/fsl_i2c_hal.o
                0x0000b90c                I2C_HAL_SetAddress10bit
 .text.I2C_HAL_ClearTimeoutStatus
                0x0000b970       0x30 ./SDK/platform/hal/src/i2c/fsl_i2c_hal.o
                0x0000b970                I2C_HAL_ClearTimeoutStatus
 .text.I2C_HAL_SetSMBusAddressCmd